mode: Total
classification: ClosedAbstention/UnsupportedOperationKind
entry: b0
result: v0:int[width=32,signed=True]
variable: v1:<no-assembly>::System.Nullable{System.Int32}[][width=0,signed=False] source=values
block: b0 entry
  i1 op0 Goto b1 source=none
block: b1 cfg:0
  i2 op0 Goto b2 source=none
block: b2 cfg:1
  i3 op1 Havoc Variables/Approximation [v2:<no-assembly>::System.Nullable{System.Int32}[][width=0,signed=False]] source=total-nullable-array-initializer.cs:113+19
  i4 op4 Assign v3:<no-assembly>::System.Nullable{System.Int32}[][width=0,signed=False] = v1 source=total-nullable-array-initializer.cs:149+6
  i5 op5 Branch (v3 == (("<no-assembly>::System.Nullable{System.Int32}[]"#t5)null)) ? b5 : b6 source=total-nullable-array-initializer.cs:149+13
block: b3 cfg:2
  i10 op0 Return void source=none
block: b4 exceptional:exit
  i0 op0 ExceptionalExit source=none
block: b5 throw
  i6 op5 Throw NullReference -> b4 source=total-nullable-array-initializer.cs:149+13
block: b6 normal
  i7 op6 Assign v4:int[width=32,signed=True] = len(v3) source=total-nullable-array-initializer.cs:149+13
  i8 op3 Assign v0:int[width=32,signed=True] = v4 source=total-nullable-array-initializer.cs:149+13
  i9 op3 Return v0 source=total-nullable-array-initializer.cs:149+13
term: ir1 Variable type=t5:<no-assembly>::System.Nullable{System.Int32}[] width=0 signed=False value=v1
term: ir2 Variable type=t5:<no-assembly>::System.Nullable{System.Int32}[] width=0 signed=False value=v3
term: ir3 Length type=t1:int width=32 signed=True value=len(v3)
term: ir4 Null type=t5:<no-assembly>::System.Nullable{System.Int32}[] width=0 signed=False value=(("<no-assembly>::System.Nullable{System.Int32}[]"#t5)null)
term: ir5 Binary type=t0:bool width=0 signed=False value=(v3 == (("<no-assembly>::System.Nullable{System.Int32}[]"#t5)null))
term: ir6 Variable type=t1:int width=32 signed=True value=v4
term: ir7 Variable type=t1:int width=32 signed=True value=v0
diagnostic: op2 UnsupportedOperationKind SimpleAssignment@104
