mode: Total
classification: Exact/None
entry: b0
parameter: 0 entry=v0:int[width=32,signed=True] current=v1:int[width=32,signed=True] old=v2:int[width=32,signed=True]
result: v3:int[width=32,signed=True]
variable: v1:int[width=32,signed=True] source=x
block: b0 entry
  i0 op0 Assign v1:int[width=32,signed=True] = v0 source=none
  i1 op0 Assign v2:int[width=32,signed=True] = v0 source=none
  i3 op0 Goto b3 source=none
block: b1 finally:dispatch
  i31 op0 Goto b12 source=none
block: b2 finally:dispatch
  i33 op0 Goto b13 source=none
block: b3 cfg:0
  i4 op0 Goto b4 source=none
block: b4 cfg:1
  i5 op2 Assign v6:int[width=32,signed=True] = v1 source=total-region-nested-finally.cs:121+1
  i6 op1 Assign v3:int[width=32,signed=True] = v6 source=total-region-nested-finally.cs:121+1
  i12 op1 Goto b11 source=total-region-nested-finally.cs:121+1
block: b5 cfg:2
  i13 op3 Assign v7:int[width=32,signed=True] = v1 source=total-region-nested-finally.cs:140+1
  i14 op4 Assign v8:int[width=32,signed=True] = 10 source=total-region-nested-finally.cs:144+2
  i15 op5 Assign v9:int[width=32,signed=True] = (v7 * v8) source=total-region-nested-finally.cs:140+6
  i16 op6 Assign v10:int[width=32,signed=True] = 1 source=total-region-nested-finally.cs:149+1
  i17 op7 Assign v11:int[width=32,signed=True] = (v9 + v10) source=total-region-nested-finally.cs:140+10
  i18 op8 Assign v1:int[width=32,signed=True] = v11 source=total-region-nested-finally.cs:136+14
  i19 op8 Write Local source=total-region-nested-finally.cs:136+14
  i20 op0 Goto b1 source=none
block: b6 cfg:3
  i21 op9 Assign v12:int[width=32,signed=True] = v1 source=total-region-nested-finally.cs:178+1
  i22 op10 Assign v13:int[width=32,signed=True] = 10 source=total-region-nested-finally.cs:182+2
  i23 op11 Assign v14:int[width=32,signed=True] = (v12 * v13) source=total-region-nested-finally.cs:178+6
  i24 op12 Assign v15:int[width=32,signed=True] = 2 source=total-region-nested-finally.cs:187+1
  i25 op13 Assign v16:int[width=32,signed=True] = (v14 + v15) source=total-region-nested-finally.cs:178+10
  i26 op14 Assign v1:int[width=32,signed=True] = v16 source=total-region-nested-finally.cs:174+14
  i27 op14 Write Local source=total-region-nested-finally.cs:174+14
  i28 op0 Goto b2 source=none
block: b7 cfg:4
  i29 op0 Return void source=none
block: b8 exceptional:exit
  i2 op0 ExceptionalExit source=none
block: b9 return:captured
  i7 op1 Return v3 source=total-region-nested-finally.cs:121+1
block: b10 finally:entry
  i8 op1 Assign v5:int[width=32,signed=True] = 0 source=total-region-nested-finally.cs:121+1
  i9 op1 Goto b6 source=total-region-nested-finally.cs:121+1
block: b11 finally:entry
  i10 op1 Assign v4:int[width=32,signed=True] = 0 source=total-region-nested-finally.cs:121+1
  i11 op1 Goto b5 source=total-region-nested-finally.cs:121+1
block: b12 finally:continue
  i30 op1 Goto b10 source=total-region-nested-finally.cs:121+1
block: b13 finally:continue
  i32 op1 Goto b9 source=total-region-nested-finally.cs:121+1
term: ir0 Variable type=t1:int width=32 signed=True value=v0
term: ir1 Variable type=t1:int width=32 signed=True value=v1
term: ir2 Variable type=t1:int width=32 signed=True value=v6
term: ir3 Variable type=t1:int width=32 signed=True value=v3
term: ir4 Integer type=t1:int width=32 signed=True bits=0 value=0
term: ir5 Variable type=t1:int width=32 signed=True value=v7
term: ir6 Integer type=t1:int width=32 signed=True bits=10 value=10
term: ir7 Variable type=t1:int width=32 signed=True value=v8
term: ir8 Binary type=t1:int width=32 signed=True value=(v7 * v8)
term: ir9 Variable type=t1:int width=32 signed=True value=v9
term: ir10 Integer type=t1:int width=32 signed=True bits=1 value=1
term: ir11 Variable type=t1:int width=32 signed=True value=v10
term: ir12 Binary type=t1:int width=32 signed=True value=(v9 + v10)
term: ir13 Variable type=t1:int width=32 signed=True value=v11
term: ir14 Variable type=t1:int width=32 signed=True value=v12
term: ir15 Variable type=t1:int width=32 signed=True value=v13
term: ir16 Binary type=t1:int width=32 signed=True value=(v12 * v13)
term: ir17 Variable type=t1:int width=32 signed=True value=v14
term: ir18 Integer type=t1:int width=32 signed=True bits=2 value=2
term: ir19 Variable type=t1:int width=32 signed=True value=v15
term: ir20 Binary type=t1:int width=32 signed=True value=(v14 + v15)
term: ir21 Variable type=t1:int width=32 signed=True value=v16
