mode: Total
classification: Exact/None
entry: b0
parameter: 0 entry=v0:int[width=32,signed=True] current=v1:int[width=32,signed=True] old=v2:int[width=32,signed=True]
result: v3:int[width=32,signed=True]
variable: v1:int[width=32,signed=True] source=x
variable: v4:int[width=32,signed=True] source=value
block: b0 entry
  i0 op0 Assign v1:int[width=32,signed=True] = v0 source=none
  i1 op0 Assign v2:int[width=32,signed=True] = v0 source=none
  i3 op0 Goto b1 source=none
block: b1 cfg:0
  i4 op0 Goto b2 source=none
block: b2 cfg:1
  i5 op1 Assign v5:int[width=32,signed=True] = v1 source=total-local-write-sites.cs:108+1
  i6 op2 Assign v4:int[width=32,signed=True] = v5 source=total-local-write-sites.cs:100+9
  i7 op2 Write Local source=total-local-write-sites.cs:100+9
  i8 op3 Assign v6:int[width=32,signed=True] = v4 source=total-local-write-sites.cs:119+7
  i9 op4 Assign v7:int[width=32,signed=True] = (v6 + 1) source=total-local-write-sites.cs:119+7
  i10 op5 Assign v4:int[width=32,signed=True] = v7 source=total-local-write-sites.cs:119+7
  i11 op5 Write Local source=total-local-write-sites.cs:119+7
  i12 op6 Assign v8:int[width=32,signed=True] = v4 source=total-local-write-sites.cs:136+10
  i13 op7 Assign v9:int[width=32,signed=True] = 2 source=total-local-write-sites.cs:145+1
  i14 op8 Assign v10:int[width=32,signed=True] = (v8 + v9) source=total-local-write-sites.cs:136+10
  i15 op9 Assign v4:int[width=32,signed=True] = v10 source=total-local-write-sites.cs:136+10
  i16 op9 Write Local source=total-local-write-sites.cs:136+10
  i17 op10 Assign v11:int[width=32,signed=True] = v4 source=total-local-write-sites.cs:160+5
  i18 op11 Assign v1:int[width=32,signed=True] = v11 source=total-local-write-sites.cs:156+9
  i19 op11 Write Local source=total-local-write-sites.cs:156+9
  i20 op12 Allocate t3:object source=total-local-write-sites.cs:175+12
  i21 op14 Assign v12:int[width=32,signed=True] = v1 source=total-local-write-sites.cs:204+1
  i22 op13 Assign v3:int[width=32,signed=True] = v12 source=total-local-write-sites.cs:204+1
  i23 op13 Return v3 source=total-local-write-sites.cs:204+1
block: b3 cfg:2
  i24 op0 Return void source=none
block: b4 exceptional:exit
  i2 op0 ExceptionalExit source=none
term: ir0 Variable type=t1:int width=32 signed=True value=v0
term: ir1 Variable type=t1:int width=32 signed=True value=v1
term: ir2 Variable type=t1:int width=32 signed=True value=v5
term: ir3 Variable type=t1:int width=32 signed=True value=v4
term: ir4 Variable type=t1:int width=32 signed=True value=v6
term: ir5 Integer type=t1:int width=32 signed=True bits=1 value=1
term: ir6 Binary type=t1:int width=32 signed=True value=(v6 + 1)
term: ir7 Variable type=t1:int width=32 signed=True value=v7
term: ir8 Variable type=t1:int width=32 signed=True value=v8
term: ir9 Integer type=t1:int width=32 signed=True bits=2 value=2
term: ir10 Variable type=t1:int width=32 signed=True value=v9
term: ir11 Binary type=t1:int width=32 signed=True value=(v8 + v9)
term: ir12 Variable type=t1:int width=32 signed=True value=v10
term: ir13 Variable type=t1:int width=32 signed=True value=v11
term: ir14 Variable type=t1:int width=32 signed=True value=v12
term: ir15 Variable type=t1:int width=32 signed=True value=v3
