mode: Total
classification: Exact/None
entry: b0
parameter: 0 entry=v0:GoldenLowering, Version=0.0.0.0, Culture=neutral, PublicKeyToken=null::Cell[width=0,signed=False] current=v1:GoldenLowering, Version=0.0.0.0, Culture=neutral, PublicKeyToken=null::Cell[width=0,signed=False] old=v2:GoldenLowering, Version=0.0.0.0, Culture=neutral, PublicKeyToken=null::Cell[width=0,signed=False]
parameter: 1 entry=v3:int[width=32,signed=True] current=v4:int[width=32,signed=True] old=v5:int[width=32,signed=True]
result: v6:int[width=32,signed=True]
variable: v1:GoldenLowering, Version=0.0.0.0, Culture=neutral, PublicKeyToken=null::Cell[width=0,signed=False] source=cell
variable: v4:int[width=32,signed=True] source=value
block: b0 entry
  i0 op0 Assign v1:GoldenLowering, Version=0.0.0.0, Culture=neutral, PublicKeyToken=null::Cell[width=0,signed=False] = v0 source=none
  i1 op0 Assign v2:GoldenLowering, Version=0.0.0.0, Culture=neutral, PublicKeyToken=null::Cell[width=0,signed=False] = v0 source=none
  i2 op0 Assign v4:int[width=32,signed=True] = v3 source=none
  i3 op0 Assign v5:int[width=32,signed=True] = v3 source=none
  i5 op0 Goto b1 source=none
block: b1 cfg:0
  i6 op0 Goto b2 source=none
block: b2 cfg:1
  i7 op1 Assign v7:GoldenLowering, Version=0.0.0.0, Culture=neutral, PublicKeyToken=null::Cell[width=0,signed=False] = v1 source=total-discarded-instance-int-mutation.cs:175+4
  i8 op2 Branch (v7 == (("GoldenLowering, Version=0.0.0.0, Culture=neutral, PublicKeyToken=null::Cell"#t4)null)) ? b5 : b6 source=total-discarded-instance-int-mutation.cs:175+10
block: b3 cfg:2
  i19 op0 Return void source=none
block: b4 exceptional:exit
  i4 op0 ExceptionalExit source=none
block: b5 throw
  i9 op2 Throw NullReference -> b4 source=total-discarded-instance-int-mutation.cs:175+10
block: b6 normal
  i10 op3 Assign v8:int[width=32,signed=True] = pure:m0((("object"#t3)v7)) source=total-discarded-instance-int-mutation.cs:175+10
  i11 op4 Assign v9:int[width=32,signed=True] = (v8 + 1) source=total-discarded-instance-int-mutation.cs:173+12
  i12 op5 Branch (v7 == (("GoldenLowering, Version=0.0.0.0, Culture=neutral, PublicKeyToken=null::Cell"#t4)null)) ? b7 : b8 source=total-discarded-instance-int-mutation.cs:173+12
block: b7 throw
  i13 op5 Throw NullReference -> b4 source=total-discarded-instance-int-mutation.cs:173+12
block: b8 normal
  i14 op6 Assign v10:int[width=32,signed=True] = v9 source=total-discarded-instance-int-mutation.cs:173+12
  i15 op7 Write Parameter (("object"#t3)v7).m0 = v9 source=total-discarded-instance-int-mutation.cs:173+12
  i16 op9 Assign v11:int[width=32,signed=True] = v4 source=total-discarded-instance-int-mutation.cs:202+5
  i17 op8 Assign v6:int[width=32,signed=True] = v11 source=total-discarded-instance-int-mutation.cs:202+5
  i18 op8 Return v6 source=total-discarded-instance-int-mutation.cs:202+5
term: ir0 Variable type=t4:GoldenLowering, Version=0.0.0.0, Culture=neutral, PublicKeyToken=null::Cell width=0 signed=False value=v0
term: ir1 Variable type=t1:int width=32 signed=True value=v3
term: ir2 Variable type=t4:GoldenLowering, Version=0.0.0.0, Culture=neutral, PublicKeyToken=null::Cell width=0 signed=False value=v1
term: ir3 Variable type=t4:GoldenLowering, Version=0.0.0.0, Culture=neutral, PublicKeyToken=null::Cell width=0 signed=False value=v7
term: ir4 Cast type=t3:object width=0 signed=False value=(("object"#t3)v7)
term: ir5 Opaque type=t1:int width=32 signed=True value=pure:m0((("object"#t3)v7))
term: ir6 Null type=t4:GoldenLowering, Version=0.0.0.0, Culture=neutral, PublicKeyToken=null::Cell width=0 signed=False value=(("GoldenLowering, Version=0.0.0.0, Culture=neutral, PublicKeyToken=null::Cell"#t4)null)
term: ir7 Binary type=t0:bool width=0 signed=False value=(v7 == (("GoldenLowering, Version=0.0.0.0, Culture=neutral, PublicKeyToken=null::Cell"#t4)null))
term: ir8 Variable type=t1:int width=32 signed=True value=v8
term: ir9 Integer type=t1:int width=32 signed=True bits=1 value=1
term: ir10 Binary type=t1:int width=32 signed=True value=(v8 + 1)
term: ir11 Variable type=t1:int width=32 signed=True value=v9
term: ir13 Variable type=t1:int width=32 signed=True value=v4
term: ir14 Variable type=t1:int width=32 signed=True value=v11
term: ir15 Variable type=t1:int width=32 signed=True value=v6
