mode: Total
classification: Exact/None
entry: b0
parameter: 0 entry=v0:uint[width=32,signed=False] current=v1:uint[width=32,signed=False] old=v2:uint[width=32,signed=False]
parameter: 1 entry=v3:sbyte[width=8,signed=True] current=v4:sbyte[width=8,signed=True] old=v5:sbyte[width=8,signed=True]
result: v6:long[width=64,signed=True]
variable: v1:uint[width=32,signed=False] source=u
variable: v4:sbyte[width=8,signed=True] source=b
block: b0 entry
  i0 op0 Assign v1:uint[width=32,signed=False] = v0 source=none
  i1 op0 Assign v2:uint[width=32,signed=False] = v0 source=none
  i2 op0 Assign v4:sbyte[width=8,signed=True] = v3 source=none
  i3 op0 Assign v5:sbyte[width=8,signed=True] = v3 source=none
  i5 op0 Goto b1 source=none
block: b1 cfg:0
  i6 op0 Goto b2 source=none
block: b2 cfg:1
  i7 op2 Assign v7:uint[width=32,signed=False] = v1 source=total-promoted-uint-sbyte.cs:104+1
  i8 op3 Assign v8:long[width=64,signed=True] = (("long"#t6)v7) source=total-promoted-uint-sbyte.cs:104+1
  i9 op4 Assign v9:sbyte[width=8,signed=True] = v4 source=total-promoted-uint-sbyte.cs:108+1
  i10 op5 Assign v10:long[width=64,signed=True] = (("long"#t6)v9) source=total-promoted-uint-sbyte.cs:108+1
  i11 op6 Assign v11:long[width=64,signed=True] = (v8 + v10) source=total-promoted-uint-sbyte.cs:104+5
  i12 op1 Assign v6:long[width=64,signed=True] = v11 source=total-promoted-uint-sbyte.cs:104+5
  i13 op1 Return v6 source=total-promoted-uint-sbyte.cs:104+5
block: b3 cfg:2
  i14 op0 Return void source=none
block: b4 exceptional:exit
  i4 op0 ExceptionalExit source=none
term: ir0 Variable type=t4:uint width=32 signed=False value=v0
term: ir1 Variable type=t5:sbyte width=8 signed=True value=v3
term: ir2 Variable type=t4:uint width=32 signed=False value=v1
term: ir3 Variable type=t4:uint width=32 signed=False value=v7
term: ir4 Cast type=t6:long width=64 signed=True value=(("long"#t6)v7)
term: ir5 Variable type=t6:long width=64 signed=True value=v8
term: ir6 Variable type=t5:sbyte width=8 signed=True value=v4
term: ir7 Variable type=t5:sbyte width=8 signed=True value=v9
term: ir8 Cast type=t6:long width=64 signed=True value=(("long"#t6)v9)
term: ir9 Variable type=t6:long width=64 signed=True value=v10
term: ir10 Binary type=t6:long width=64 signed=True value=(v8 + v10)
term: ir11 Variable type=t6:long width=64 signed=True value=v11
term: ir12 Variable type=t6:long width=64 signed=True value=v6
