mode: Total
classification: Exact/None
entry: b0
parameter: 0 entry=v0:int[width=32,signed=True] current=v1:int[width=32,signed=True] old=v2:int[width=32,signed=True]
result: v3:int[width=32,signed=True]
variable: v1:int[width=32,signed=True] source=x
block: b0 entry
  i0 op0 Assign v1:int[width=32,signed=True] = v0 source=none
  i1 op0 Assign v2:int[width=32,signed=True] = v0 source=none
  i3 op0 Goto b4 source=none
block: b1 finally:dispatch
  i60 op0 Branch (v4 == 0) ? b25 : b26 source=none
block: b2 filter:accepted
  i57 op4 Goto b17 source=total-region-filter-unwind.cs:141+6
block: b3 filter:rejected
  i58 op4 Goto b14 source=total-region-filter-unwind.cs:141+6
block: b4 cfg:0
  i4 op0 Goto b5 source=none
block: b5 cfg:1
  i5 op2 Assign v7:int[width=32,signed=True] = 10 source=total-region-filter-unwind.cs:141+2
  i6 op3 Assign v8:int[width=32,signed=True] = v1 source=total-region-filter-unwind.cs:146+1
  i7 op4 Branch (v8 == 0) ? b11 : b12 source=total-region-filter-unwind.cs:141+6
block: b6 cfg:2
  i33 op7 Assign v10:int[width=32,signed=True] = v1 source=total-region-filter-unwind.cs:177+1
  i34 op8 Assign v11:int[width=32,signed=True] = 10 source=total-region-filter-unwind.cs:181+2
  i35 op9 Assign v12:int[width=32,signed=True] = (v10 * v11) source=total-region-filter-unwind.cs:177+6
  i36 op10 Assign v13:int[width=32,signed=True] = 2 source=total-region-filter-unwind.cs:186+1
  i37 op11 Assign v14:int[width=32,signed=True] = (v12 + v13) source=total-region-filter-unwind.cs:177+10
  i38 op12 Assign v1:int[width=32,signed=True] = v14 source=total-region-filter-unwind.cs:173+14
  i39 op0 Goto b1 source=none
block: b7 cfg:3
  i40 op14 Assign v15:int[width=32,signed=True] = v1 source=total-region-filter-unwind.cs:257+1
  i41 op15 Assign v16:int[width=32,signed=True] = 10 source=total-region-filter-unwind.cs:261+2
  i42 op16 Assign v17:int[width=32,signed=True] = (v15 * v16) source=total-region-filter-unwind.cs:257+6
  i43 op17 Assign v18:int[width=32,signed=True] = 1 source=total-region-filter-unwind.cs:266+1
  i44 op18 Assign v19:int[width=32,signed=True] = (v17 + v18) source=total-region-filter-unwind.cs:257+10
  i45 op19 Assign v1:int[width=32,signed=True] = v19 source=total-region-filter-unwind.cs:253+14
  i46 op20 Assign v20:int[width=32,signed=True] = 0 source=total-region-filter-unwind.cs:271+1
  i47 op21 Assign v21:bool[width=0,signed=False] = (v19 > v20) source=total-region-filter-unwind.cs:252+20
  i48 op13 Branch v21 ? b2 : b3 source=total-region-filter-unwind.cs:252+20
block: b8 cfg:4
  i49 op23 Assign v22:int[width=32,signed=True] = v1 source=total-region-filter-unwind.cs:291+1
  i50 op24 Assign v23:int[width=32,signed=True] = 10 source=total-region-filter-unwind.cs:295+2
  i51 op25 Assign v24:int[width=32,signed=True] = (v22 * v23) source=total-region-filter-unwind.cs:291+6
  i52 op26 Assign v25:int[width=32,signed=True] = 3 source=total-region-filter-unwind.cs:300+1
  i53 op27 Assign v26:int[width=32,signed=True] = (v24 + v25) source=total-region-filter-unwind.cs:291+10
  i54 op22 Assign v3:int[width=32,signed=True] = v26 source=total-region-filter-unwind.cs:291+10
  i55 op22 Return v3 source=total-region-filter-unwind.cs:291+10
block: b9 cfg:5
  i56 op0 Return void source=none
block: b10 exceptional:exit
  i2 op0 ExceptionalExit source=none
block: b11 throw
  i20 op4 Throw DivideByZero -> b18 source=total-region-filter-unwind.cs:141+6
block: b12 normal
  i21 op5 Branch ((v7 == -2147483648) && (v8 == -1)) ? b19 : b20 source=total-region-filter-unwind.cs:141+6
block: b13 finally:entry
  i8 op4 Assign v3:int[width=32,signed=True] = 0 source=total-region-filter-unwind.cs:141+6
  i9 op4 Assign v4:int[width=32,signed=True] = 0 source=total-region-filter-unwind.cs:141+6
  i10 op4 Goto b6 source=total-region-filter-unwind.cs:141+6
block: b14 exception:searched
  i11 op4 Throw DivideByZero -> b13 source=total-region-filter-unwind.cs:141+6
block: b15 catch:entry
  i12 op4 Assign v6:int[width=32,signed=True] = 0 source=total-region-filter-unwind.cs:141+6
  i13 op4 Goto b8 source=total-region-filter-unwind.cs:141+6
block: b16 finally:entry
  i14 op4 Assign v3:int[width=32,signed=True] = 0 source=total-region-filter-unwind.cs:141+6
  i15 op4 Assign v4:int[width=32,signed=True] = 1 source=total-region-filter-unwind.cs:141+6
  i16 op4 Goto b6 source=total-region-filter-unwind.cs:141+6
block: b17 exception:searched
  i17 op4 Throw DivideByZero -> b16 source=total-region-filter-unwind.cs:141+6
block: b18 filter:entry
  i18 op4 Assign v5:int[width=32,signed=True] = 0 source=total-region-filter-unwind.cs:141+6
  i19 op4 Goto b7 source=total-region-filter-unwind.cs:141+6
block: b19 throw
  i26 op5 Throw Overflow -> b22 source=total-region-filter-unwind.cs:141+6
block: b20 normal
  i27 op6 Assign v9:int[width=32,signed=True] = (v7 / v8) source=total-region-filter-unwind.cs:141+6
  i28 op1 Assign v3:int[width=32,signed=True] = v9 source=total-region-filter-unwind.cs:141+6
  i32 op1 Goto b24 source=total-region-filter-unwind.cs:141+6
block: b21 finally:entry
  i22 op5 Assign v3:int[width=32,signed=True] = 0 source=total-region-filter-unwind.cs:141+6
  i23 op5 Assign v4:int[width=32,signed=True] = 2 source=total-region-filter-unwind.cs:141+6
  i24 op5 Goto b6 source=total-region-filter-unwind.cs:141+6
block: b22 exception:searched
  i25 op5 Throw Overflow -> b21 source=total-region-filter-unwind.cs:141+6
block: b23 return:captured
  i29 op1 Return v3 source=total-region-filter-unwind.cs:141+6
block: b24 finally:entry
  i30 op1 Assign v4:int[width=32,signed=True] = 3 source=total-region-filter-unwind.cs:141+6
  i31 op1 Goto b6 source=total-region-filter-unwind.cs:141+6
block: b25 finally:continue
  i59 op4 Throw DivideByZero -> b10 source=total-region-filter-unwind.cs:141+6
block: b26 finally:dispatch
  i62 op0 Branch (v4 == 1) ? b27 : b28 source=none
block: b27 finally:continue
  i61 op4 Throw DivideByZero -> b15 source=total-region-filter-unwind.cs:141+6
block: b28 finally:dispatch
  i64 op0 Branch (v4 == 2) ? b29 : b30 source=none
block: b29 finally:continue
  i63 op5 Throw Overflow -> b10 source=total-region-filter-unwind.cs:141+6
block: b30 finally:dispatch
  i66 op0 Goto b31 source=none
block: b31 finally:continue
  i65 op1 Goto b23 source=total-region-filter-unwind.cs:141+6
term: ir0 Variable type=t1:int width=32 signed=True value=v0
term: ir1 Integer type=t1:int width=32 signed=True bits=10 value=10
term: ir2 Variable type=t1:int width=32 signed=True value=v7
term: ir3 Variable type=t1:int width=32 signed=True value=v1
term: ir4 Variable type=t1:int width=32 signed=True value=v8
term: ir5 Integer type=t1:int width=32 signed=True bits=0 value=0
term: ir6 Binary type=t0:bool width=0 signed=False value=(v8 == 0)
term: ir7 Integer type=t1:int width=32 signed=True bits=2147483648 value=-2147483648
term: ir8 Binary type=t0:bool width=0 signed=False value=(v7 == -2147483648)
term: ir9 Integer type=t1:int width=32 signed=True bits=4294967295 value=-1
term: ir10 Binary type=t0:bool width=0 signed=False value=(v8 == -1)
term: ir11 Binary type=t0:bool width=0 signed=False value=((v7 == -2147483648) && (v8 == -1))
term: ir12 Binary type=t1:int width=32 signed=True value=(v7 / v8)
term: ir13 Integer type=t1:int width=32 signed=True bits=1 value=1
term: ir14 Integer type=t1:int width=32 signed=True bits=2 value=2
term: ir15 Variable type=t1:int width=32 signed=True value=v9
term: ir16 Variable type=t1:int width=32 signed=True value=v3
term: ir17 Integer type=t1:int width=32 signed=True bits=3 value=3
term: ir18 Variable type=t1:int width=32 signed=True value=v10
term: ir19 Variable type=t1:int width=32 signed=True value=v11
term: ir20 Binary type=t1:int width=32 signed=True value=(v10 * v11)
term: ir21 Variable type=t1:int width=32 signed=True value=v12
term: ir22 Variable type=t1:int width=32 signed=True value=v13
term: ir23 Binary type=t1:int width=32 signed=True value=(v12 + v13)
term: ir24 Variable type=t1:int width=32 signed=True value=v14
term: ir25 Variable type=t1:int width=32 signed=True value=v15
term: ir26 Variable type=t1:int width=32 signed=True value=v16
term: ir27 Binary type=t1:int width=32 signed=True value=(v15 * v16)
term: ir28 Variable type=t1:int width=32 signed=True value=v17
term: ir29 Variable type=t1:int width=32 signed=True value=v18
term: ir30 Binary type=t1:int width=32 signed=True value=(v17 + v18)
term: ir31 Variable type=t1:int width=32 signed=True value=v19
term: ir32 Variable type=t1:int width=32 signed=True value=v20
term: ir33 Binary type=t0:bool width=0 signed=False value=(v19 > v20)
term: ir34 Variable type=t0:bool width=0 signed=False value=v21
term: ir35 Variable type=t1:int width=32 signed=True value=v22
term: ir36 Variable type=t1:int width=32 signed=True value=v23
term: ir37 Binary type=t1:int width=32 signed=True value=(v22 * v23)
term: ir38 Variable type=t1:int width=32 signed=True value=v24
term: ir39 Variable type=t1:int width=32 signed=True value=v25
term: ir40 Binary type=t1:int width=32 signed=True value=(v24 + v25)
term: ir41 Variable type=t1:int width=32 signed=True value=v26
term: ir42 Variable type=t1:int width=32 signed=True value=v4
term: ir43 Binary type=t0:bool width=0 signed=False value=(v4 == 0)
term: ir44 Binary type=t0:bool width=0 signed=False value=(v4 == 1)
term: ir45 Binary type=t0:bool width=0 signed=False value=(v4 == 2)
