mode: Total
classification: Exact/None
entry: b0
parameter: 0 entry=v0:bool[width=0,signed=False] current=v1:bool[width=0,signed=False] old=v2:bool[width=0,signed=False]
result: v3:int[width=32,signed=True]
variable: v1:bool[width=0,signed=False] source=flag
block: b0 entry
  i0 op0 Assign v1:bool[width=0,signed=False] = v0 source=none
  i1 op0 Assign v2:bool[width=0,signed=False] = v0 source=none
  i3 op0 Goto b1 source=none
block: b1 cfg:0
  i4 op0 Goto b2 source=none
block: b2 cfg:1
  i5 op2 Assign v5:bool[width=0,signed=False] = v1 source=total-explicit-throw.cs:308+4
  i6 op1 Branch v5 ? b3 : b4 source=total-explicit-throw.cs:308+4
block: b3 cfg:2
  i7 op4 Assign v6:string[width=0,signed=False] = "failed" source=total-explicit-throw.cs:357+8
  i8 op5 Allocate t4:System.Private.CoreLib, Version=8.0.0.0, Culture=neutral, PublicKeyToken=7cec85d7bea7798e::System.InvalidOperationException -> v7:System.Private.CoreLib, Version=8.0.0.0, Culture=neutral, PublicKeyToken=7cec85d7bea7798e::System.InvalidOperationException[width=0,signed=False] source=total-explicit-throw.cs:320+46
  i11 op6 Throw Explicit -> b8 source=total-explicit-throw.cs:320+46
block: b4 cfg:3
  i12 op8 Assign v8:int[width=32,signed=True] = 1 source=total-explicit-throw.cs:387+1
  i13 op7 Assign v3:int[width=32,signed=True] = v8 source=total-explicit-throw.cs:387+1
  i14 op7 Return v3 source=total-explicit-throw.cs:387+1
block: b5 cfg:4
  i15 op10 Assign v9:int[width=32,signed=True] = 0 source=total-explicit-throw.cs:478+1
  i16 op9 Assign v3:int[width=32,signed=True] = v9 source=total-explicit-throw.cs:478+1
  i17 op9 Return v3 source=total-explicit-throw.cs:478+1
block: b6 cfg:5
  i18 op0 Return void source=none
block: b7 exceptional:exit
  i2 op0 ExceptionalExit source=none
block: b8 catch:entry
  i9 op6 Assign v4:int[width=32,signed=True] = 0 source=total-explicit-throw.cs:320+46
  i10 op6 Goto b5 source=total-explicit-throw.cs:320+46
term: ir0 Variable type=t0:bool width=0 signed=False value=v0
term: ir1 Variable type=t0:bool width=0 signed=False value=v1
term: ir2 Variable type=t0:bool width=0 signed=False value=v5
term: ir3 String type=t2:string width=0 signed=False value="failed"
term: ir6 Integer type=t1:int width=32 signed=True bits=0 value=0
term: ir7 Integer type=t1:int width=32 signed=True bits=1 value=1
term: ir8 Variable type=t1:int width=32 signed=True value=v8
term: ir9 Variable type=t1:int width=32 signed=True value=v3
term: ir10 Variable type=t1:int width=32 signed=True value=v9
