mode: Total
classification: Exact/None
entry: b0
parameter: 0 entry=v0:int[width=32,signed=True] current=v1:int[width=32,signed=True] old=v2:int[width=32,signed=True]
result: v3:int[width=32,signed=True]
variable: v1:int[width=32,signed=True] source=x
block: b0 entry
  i0 op0 Assign v1:int[width=32,signed=True] = v0 source=none
  i1 op0 Assign v2:int[width=32,signed=True] = v0 source=none
  i3 op0 Goto b1 source=none
block: b1 cfg:0
  i4 op0 Goto b2 source=none
block: b2 cfg:1
  i5 op2 Assign v4:int[width=32,signed=True] = v1 source=total-string-concat-conditional-fault.cs:200+1
  i6 op3 Assign v5:int[width=32,signed=True] = 0 source=total-string-concat-conditional-fault.cs:205+1
  i7 op4 Assign v6:bool[width=0,signed=False] = (v4 == v5) source=total-string-concat-conditional-fault.cs:200+6
  i8 op1 Branch v6 ? b4 : b3 source=total-string-concat-conditional-fault.cs:200+6
block: b3 cfg:3
  i9 op5 Assign v7:string[width=0,signed=False] = "b" source=total-string-concat-conditional-fault.cs:215+3
  i10 op6 Assign v8:string[width=0,signed=False] = v7 source=total-string-concat-conditional-fault.cs:215+3
  i11 op0 Goto b5 source=none
block: b4 cfg:2
  i12 op7 Assign v9:string[width=0,signed=False] = "a" source=total-string-concat-conditional-fault.cs:209+3
  i13 op8 Assign v8:string[width=0,signed=False] = v9 source=total-string-concat-conditional-fault.cs:209+3
  i14 op0 Goto b5 source=none
block: b5 cfg:4
  i15 op9 Assign v10:string[width=0,signed=False] = v8 source=total-string-concat-conditional-fault.cs:200+18
  i16 op10 Assign v11:string[width=0,signed=False] = "c" source=total-string-concat-conditional-fault.cs:222+3
  i17 op11 Branch false ? b12 : b13 source=total-string-concat-conditional-fault.cs:199+26
block: b6 cfg:5
  i27 op16 Assign v15:int[width=32,signed=True] = v1 source=total-string-concat-conditional-fault.cs:229+1
  i28 op17 Assign v16:int[width=32,signed=True] = 0 source=total-string-concat-conditional-fault.cs:234+1
  i29 op18 Assign v17:bool[width=0,signed=False] = (v15 == v16) source=total-string-concat-conditional-fault.cs:229+6
  i30 op15 Branch v17 ? b8 : b7 source=total-string-concat-conditional-fault.cs:229+6
block: b7 cfg:7
  i31 op19 Assign v18:string[width=0,signed=False] = "e" source=total-string-concat-conditional-fault.cs:258+3
  i32 op20 Assign v19:string[width=0,signed=False] = v18 source=total-string-concat-conditional-fault.cs:258+3
  i33 op0 Goto b9 source=none
block: b8 cfg:6
  i34 op21 Assign v27:string[width=0,signed=False] = (("string"#t2)null) source=total-string-concat-conditional-fault.cs:238+17
  i35 op22 Assign v28:string[width=0,signed=False] = "d" source=total-string-concat-conditional-fault.cs:243+3
  i36 op23 Assign v29:int[width=32,signed=True] = 10 source=total-string-concat-conditional-fault.cs:248+2
  i37 op24 Assign v30:int[width=32,signed=True] = v1 source=total-string-concat-conditional-fault.cs:253+1
  i38 op25 Branch (v30 == 0) ? b17 : b18 source=total-string-concat-conditional-fault.cs:248+6
block: b9 cfg:8
  i60 op33 Assign v33:string[width=0,signed=False] = v14 source=total-string-concat-conditional-fault.cs:199+26
  i61 op34 Assign v34:string[width=0,signed=False] = v19 source=total-string-concat-conditional-fault.cs:229+32
  i62 op35 Branch (((len(v10) > 0) && true) || (((len(v10) > 0) || true) && (len(v34) > 0))) ? b27 : b28 source=total-string-concat-conditional-fault.cs:199+63
block: b10 cfg:9
  i75 op0 Return void source=none
block: b11 exceptional:exit
  i2 op0 ExceptionalExit source=none
block: b12 concat:allocate
  i18 op12 Branch ((len(v10) > 1073741791) || (1 > (1073741791 - len(v10)))) ? b14 : b16 source=total-string-concat-conditional-fault.cs:199+26
block: b13 concat:join
  i24 op11 Assign v13:string[width=0,signed=False] = (v10 ++ "c") source=total-string-concat-conditional-fault.cs:199+26
  i25 op14 Assign v14:string[width=0,signed=False] = v13 source=total-string-concat-conditional-fault.cs:199+26
  i26 op0 Goto b6 source=none
block: b14 concat:beyond-maximum-length
  i19 op13 Havoc Variables/Approximation [v12:bool[width=0,signed=False]] source=total-string-concat-conditional-fault.cs:199+26
  i20 op12 Branch v12 ? b15 : b16 source=total-string-concat-conditional-fault.cs:199+26
block: b15 throw
  i21 op12 Throw Unknown -> b11 source=total-string-concat-conditional-fault.cs:199+26
block: b16 normal
  i22 op11 Allocate t2:string source=total-string-concat-conditional-fault.cs:199+26
  i23 op11 Goto b13 source=total-string-concat-conditional-fault.cs:199+26
block: b17 throw
  i39 op25 Throw DivideByZero -> b11 source=total-string-concat-conditional-fault.cs:248+6
block: b18 normal
  i40 op26 Branch ((v29 == -2147483648) && (v30 == -1)) ? b19 : b20 source=total-string-concat-conditional-fault.cs:248+6
block: b19 throw
  i41 op26 Throw Overflow -> b11 source=total-string-concat-conditional-fault.cs:248+6
block: b20 normal
  i42 op27 Assign v31:int[width=32,signed=True] = (v29 / v30) source=total-string-concat-conditional-fault.cs:248+6
  i43 op21 Assign v20:string[width=0,signed=False] = v28 source=total-string-concat-conditional-fault.cs:238+17
  i44 op21 Assign v23:int[width=32,signed=True] = v31 source=total-string-concat-conditional-fault.cs:238+17
  i45 op21 Goto b22 source=total-string-concat-conditional-fault.cs:238+17
block: b21 call:continued
  i58 op31 Assign v19:string[width=0,signed=False] = v27 source=total-string-concat-conditional-fault.cs:238+17
  i59 op0 Goto b9 source=none
block: b22 call:body
  i46 op28 Assign v21:string[width=0,signed=False] = v20 source=none
  i47 op28 Assign v22:string[width=0,signed=False] = v20 source=none
  i48 op28 Assign v24:int[width=32,signed=True] = v23 source=none
  i49 op28 Assign v25:int[width=32,signed=True] = v23 source=none
  i50 op28 Goto b23 source=none
block: b23 call:body
  i51 op28 Goto b24 source=none
block: b24 call:body
  i52 op30 Assign v32:string[width=0,signed=False] = v21 source=total-string-concat-conditional-fault.cs:134+4
  i53 op29 Assign v26:string[width=0,signed=False] = v32 source=total-string-concat-conditional-fault.cs:134+4
  i54 op29 Assign v27:string[width=0,signed=False] = v26 source=total-string-concat-conditional-fault.cs:134+4
  i55 op29 Goto b21 source=total-string-concat-conditional-fault.cs:134+4
block: b25 call:body
  i56 op28 Goto b21 source=none
block: b26 call:body
  i57 op28 ExceptionalExit source=none
block: b27 concat:allocate
  i63 op36 Branch (((len(v10) > 1073741791) || (1 > (1073741791 - len(v10)))) || (len(v34) > ((1073741791 - len(v10)) - 1))) ? b29 : b31 source=total-string-concat-conditional-fault.cs:199+63
block: b28 concat:join
  i69 op35 Assign v36:string[width=0,signed=False] = ((v10 ++ "c") ++ v34) source=total-string-concat-conditional-fault.cs:199+63
  i70 op38 Branch (v36 == (("string"#t2)null)) ? b32 : b33 source=total-string-concat-conditional-fault.cs:198+72
block: b29 concat:beyond-maximum-length
  i64 op37 Havoc Variables/Approximation [v35:bool[width=0,signed=False]] source=total-string-concat-conditional-fault.cs:199+63
  i65 op36 Branch v35 ? b30 : b31 source=total-string-concat-conditional-fault.cs:199+63
block: b30 throw
  i66 op36 Throw Unknown -> b11 source=total-string-concat-conditional-fault.cs:199+63
block: b31 normal
  i67 op35 Allocate t2:string source=total-string-concat-conditional-fault.cs:199+63
  i68 op35 Goto b28 source=total-string-concat-conditional-fault.cs:199+63
block: b32 throw
  i71 op38 Throw NullReference -> b11 source=total-string-concat-conditional-fault.cs:198+72
block: b33 normal
  i72 op39 Assign v37:int[width=32,signed=True] = len(v36) source=total-string-concat-conditional-fault.cs:198+72
  i73 op32 Assign v3:int[width=32,signed=True] = v37 source=total-string-concat-conditional-fault.cs:198+72
  i74 op32 Return v3 source=total-string-concat-conditional-fault.cs:198+72
term: ir0 Variable type=t1:int width=32 signed=True value=v0
term: ir1 Variable type=t1:int width=32 signed=True value=v1
term: ir2 Variable type=t1:int width=32 signed=True value=v4
term: ir3 Integer type=t1:int width=32 signed=True bits=0 value=0
term: ir4 Variable type=t1:int width=32 signed=True value=v5
term: ir5 Binary type=t0:bool width=0 signed=False value=(v4 == v5)
term: ir6 Variable type=t0:bool width=0 signed=False value=v6
term: ir7 String type=t2:string width=0 signed=False value="b"
term: ir8 Variable type=t2:string width=0 signed=False value=v7
term: ir9 String type=t2:string width=0 signed=False value="a"
term: ir10 Variable type=t2:string width=0 signed=False value=v9
term: ir11 Variable type=t2:string width=0 signed=False value=v8
term: ir12 Variable type=t2:string width=0 signed=False value=v10
term: ir13 String type=t2:string width=0 signed=False value="c"
term: ir15 Boolean type=t0:bool width=0 signed=False value=false
term: ir16 Integer type=t1:int width=32 signed=True bits=1073741791 value=1073741791
term: ir17 Length type=t1:int width=32 signed=True value=len(v10)
term: ir18 Binary type=t0:bool width=0 signed=False value=(len(v10) > 1073741791)
term: ir19 Binary type=t1:int width=32 signed=True value=(1073741791 - len(v10))
term: ir20 Integer type=t1:int width=32 signed=True bits=1 value=1
term: ir21 Binary type=t0:bool width=0 signed=False value=(1 > (1073741791 - len(v10)))
term: ir22 Binary type=t0:bool width=0 signed=False value=((len(v10) > 1073741791) || (1 > (1073741791 - len(v10))))
term: ir23 Binary type=t1:int width=32 signed=True value=((1073741791 - len(v10)) - 1)
term: ir24 Variable type=t0:bool width=0 signed=False value=v12
term: ir25 Binary type=t2:string width=0 signed=False value=(v10 ++ "c")
term: ir26 Variable type=t2:string width=0 signed=False value=v13
term: ir27 Variable type=t1:int width=32 signed=True value=v15
term: ir28 Variable type=t1:int width=32 signed=True value=v16
term: ir29 Binary type=t0:bool width=0 signed=False value=(v15 == v16)
term: ir30 Variable type=t0:bool width=0 signed=False value=v17
term: ir31 String type=t2:string width=0 signed=False value="e"
term: ir32 Variable type=t2:string width=0 signed=False value=v18
term: ir33 Variable type=t2:string width=0 signed=False value=v27
term: ir34 Null type=t2:string width=0 signed=False value=(("string"#t2)null)
term: ir35 String type=t2:string width=0 signed=False value="d"
term: ir36 Variable type=t2:string width=0 signed=False value=v28
term: ir37 Integer type=t1:int width=32 signed=True bits=10 value=10
term: ir38 Variable type=t1:int width=32 signed=True value=v29
term: ir39 Variable type=t1:int width=32 signed=True value=v30
term: ir40 Binary type=t0:bool width=0 signed=False value=(v30 == 0)
term: ir41 Integer type=t1:int width=32 signed=True bits=2147483648 value=-2147483648
term: ir42 Binary type=t0:bool width=0 signed=False value=(v29 == -2147483648)
term: ir43 Integer type=t1:int width=32 signed=True bits=4294967295 value=-1
term: ir44 Binary type=t0:bool width=0 signed=False value=(v30 == -1)
term: ir45 Binary type=t0:bool width=0 signed=False value=((v29 == -2147483648) && (v30 == -1))
term: ir46 Binary type=t1:int width=32 signed=True value=(v29 / v30)
term: ir47 Variable type=t1:int width=32 signed=True value=v31
term: ir48 Variable type=t2:string width=0 signed=False value=v20
term: ir49 Variable type=t1:int width=32 signed=True value=v23
term: ir50 Variable type=t2:string width=0 signed=False value=v21
term: ir51 Variable type=t2:string width=0 signed=False value=v32
term: ir52 Variable type=t2:string width=0 signed=False value=v26
term: ir53 Variable type=t2:string width=0 signed=False value=v14
term: ir55 Variable type=t2:string width=0 signed=False value=v19
term: ir56 Variable type=t2:string width=0 signed=False value=v34
term: ir57 Binary type=t0:bool width=0 signed=False value=(len(v10) > 0)
term: ir58 Boolean type=t0:bool width=0 signed=False value=true
term: ir59 Binary type=t0:bool width=0 signed=False value=((len(v10) > 0) && true)
term: ir60 Binary type=t0:bool width=0 signed=False value=((len(v10) > 0) || true)
term: ir61 Length type=t1:int width=32 signed=True value=len(v34)
term: ir62 Binary type=t0:bool width=0 signed=False value=(len(v34) > 0)
term: ir63 Binary type=t0:bool width=0 signed=False value=(((len(v10) > 0) || true) && (len(v34) > 0))
term: ir64 Binary type=t0:bool width=0 signed=False value=(((len(v10) > 0) && true) || (((len(v10) > 0) || true) && (len(v34) > 0)))
term: ir66 Binary type=t0:bool width=0 signed=False value=(len(v34) > ((1073741791 - len(v10)) - 1))
term: ir67 Binary type=t0:bool width=0 signed=False value=(((len(v10) > 1073741791) || (1 > (1073741791 - len(v10)))) || (len(v34) > ((1073741791 - len(v10)) - 1)))
term: ir69 Variable type=t0:bool width=0 signed=False value=v35
term: ir70 Binary type=t2:string width=0 signed=False value=((v10 ++ "c") ++ v34)
term: ir71 Variable type=t2:string width=0 signed=False value=v36
term: ir72 Length type=t1:int width=32 signed=True value=len(v36)
term: ir73 Binary type=t0:bool width=0 signed=False value=(v36 == (("string"#t2)null))
term: ir74 Variable type=t1:int width=32 signed=True value=v37
term: ir75 Variable type=t1:int width=32 signed=True value=v3
