mode: Total
classification: Exact/None
entry: b0
parameter: 0 entry=v0:GoldenLowering, Version=0.0.0.0, Culture=neutral, PublicKeyToken=null::Cell[width=0,signed=False] current=v1:GoldenLowering, Version=0.0.0.0, Culture=neutral, PublicKeyToken=null::Cell[width=0,signed=False] old=v2:GoldenLowering, Version=0.0.0.0, Culture=neutral, PublicKeyToken=null::Cell[width=0,signed=False]
result: v3:int[width=32,signed=True]
variable: v1:GoldenLowering, Version=0.0.0.0, Culture=neutral, PublicKeyToken=null::Cell[width=0,signed=False] source=cell
block: b0 entry
  i0 op0 Assign v1:GoldenLowering, Version=0.0.0.0, Culture=neutral, PublicKeyToken=null::Cell[width=0,signed=False] = v0 source=none
  i1 op0 Assign v2:GoldenLowering, Version=0.0.0.0, Culture=neutral, PublicKeyToken=null::Cell[width=0,signed=False] = v0 source=none
  i3 op0 Goto b1 source=none
block: b1 cfg:0
  i4 op0 Goto b2 source=none
block: b2 cfg:1
  i5 op2 Assign v4:GoldenLowering, Version=0.0.0.0, Culture=neutral, PublicKeyToken=null::Cell[width=0,signed=False] = v1 source=total-field-read-sites.cs:259+4
  i6 op3 Havoc Variables/Approximation [v5:bool[width=0,signed=False]] source=total-field-read-sites.cs:259+9
  i7 op4 Branch (v4 == (("GoldenLowering, Version=0.0.0.0, Culture=neutral, PublicKeyToken=null::Cell"#t4)null)) ? b8 : b9 source=total-field-read-sites.cs:259+9
block: b3 cfg:3
  i11 op6 Assign v7:GoldenLowering, Version=0.0.0.0, Culture=neutral, PublicKeyToken=null::Cell[width=0,signed=False] = v1 source=total-field-read-sites.cs:284+4
  i12 op7 Havoc Variables/Approximation [v8:int[width=32,signed=True]] source=total-field-read-sites.cs:284+10
  i13 op8 Branch (v7 == (("GoldenLowering, Version=0.0.0.0, Culture=neutral, PublicKeyToken=null::Cell"#t4)null)) ? b10 : b11 source=total-field-read-sites.cs:284+10
block: b4 cfg:2
  i18 op11 Assign v11:GoldenLowering, Version=0.0.0.0, Culture=neutral, PublicKeyToken=null::Cell[width=0,signed=False] = v1 source=total-field-read-sites.cs:271+4
  i19 op12 Havoc Variables/Approximation [v12:int[width=32,signed=True]] source=total-field-read-sites.cs:271+10
  i20 op13 Branch (v11 == (("GoldenLowering, Version=0.0.0.0, Culture=neutral, PublicKeyToken=null::Cell"#t4)null)) ? b12 : b13 source=total-field-read-sites.cs:271+10
block: b5 cfg:4
  i25 op17 Assign v14:int[width=32,signed=True] = v10 source=total-field-read-sites.cs:259+35
  i26 op16 Assign v3:int[width=32,signed=True] = v14 source=total-field-read-sites.cs:259+35
  i27 op16 Return v3 source=total-field-read-sites.cs:259+35
block: b6 cfg:5
  i28 op0 Return void source=none
block: b7 exceptional:exit
  i2 op0 ExceptionalExit source=none
block: b8 throw
  i8 op4 Throw NullReference -> b7 source=total-field-read-sites.cs:259+9
block: b9 normal
  i9 op5 Assign v6:bool[width=0,signed=False] = v5 source=total-field-read-sites.cs:259+9
  i10 op1 Branch v6 ? b4 : b3 source=total-field-read-sites.cs:259+9
block: b10 throw
  i14 op8 Throw NullReference -> b7 source=total-field-read-sites.cs:284+10
block: b11 normal
  i15 op9 Assign v9:int[width=32,signed=True] = v8 source=total-field-read-sites.cs:284+10
  i16 op10 Assign v10:int[width=32,signed=True] = v9 source=total-field-read-sites.cs:284+10
  i17 op0 Goto b5 source=none
block: b12 throw
  i21 op13 Throw NullReference -> b7 source=total-field-read-sites.cs:271+10
block: b13 normal
  i22 op14 Assign v13:int[width=32,signed=True] = v12 source=total-field-read-sites.cs:271+10
  i23 op15 Assign v10:int[width=32,signed=True] = v13 source=total-field-read-sites.cs:271+10
  i24 op0 Goto b5 source=none
term: ir0 Variable type=t4:GoldenLowering, Version=0.0.0.0, Culture=neutral, PublicKeyToken=null::Cell width=0 signed=False value=v0
term: ir1 Variable type=t4:GoldenLowering, Version=0.0.0.0, Culture=neutral, PublicKeyToken=null::Cell width=0 signed=False value=v1
term: ir2 Variable type=t4:GoldenLowering, Version=0.0.0.0, Culture=neutral, PublicKeyToken=null::Cell width=0 signed=False value=v4
term: ir3 Variable type=t0:bool width=0 signed=False value=v5
term: ir4 Null type=t4:GoldenLowering, Version=0.0.0.0, Culture=neutral, PublicKeyToken=null::Cell width=0 signed=False value=(("GoldenLowering, Version=0.0.0.0, Culture=neutral, PublicKeyToken=null::Cell"#t4)null)
term: ir5 Binary type=t0:bool width=0 signed=False value=(v4 == (("GoldenLowering, Version=0.0.0.0, Culture=neutral, PublicKeyToken=null::Cell"#t4)null))
term: ir6 Variable type=t0:bool width=0 signed=False value=v6
term: ir7 Variable type=t4:GoldenLowering, Version=0.0.0.0, Culture=neutral, PublicKeyToken=null::Cell width=0 signed=False value=v7
term: ir8 Variable type=t1:int width=32 signed=True value=v8
term: ir9 Binary type=t0:bool width=0 signed=False value=(v7 == (("GoldenLowering, Version=0.0.0.0, Culture=neutral, PublicKeyToken=null::Cell"#t4)null))
term: ir10 Variable type=t1:int width=32 signed=True value=v9
term: ir11 Variable type=t4:GoldenLowering, Version=0.0.0.0, Culture=neutral, PublicKeyToken=null::Cell width=0 signed=False value=v11
term: ir12 Variable type=t1:int width=32 signed=True value=v12
term: ir13 Binary type=t0:bool width=0 signed=False value=(v11 == (("GoldenLowering, Version=0.0.0.0, Culture=neutral, PublicKeyToken=null::Cell"#t4)null))
term: ir14 Variable type=t1:int width=32 signed=True value=v13
term: ir15 Variable type=t1:int width=32 signed=True value=v10
term: ir16 Variable type=t1:int width=32 signed=True value=v14
term: ir17 Variable type=t1:int width=32 signed=True value=v3
