mode: Total
classification: Exact/None
entry: b0
parameter: 0 entry=v0:GoldenLowering, Version=0.0.0.0, Culture=neutral, PublicKeyToken=null::Outer{System.Int32}.Cell{System.String}[width=0,signed=False] current=v1:GoldenLowering, Version=0.0.0.0, Culture=neutral, PublicKeyToken=null::Outer{System.Int32}.Cell{System.String}[width=0,signed=False] old=v2:GoldenLowering, Version=0.0.0.0, Culture=neutral, PublicKeyToken=null::Outer{System.Int32}.Cell{System.String}[width=0,signed=False]
result: v3:int[width=32,signed=True]
contract-binding: None
contract: Requires safety=((!(v0 != (("GoldenLowering, Version=0.0.0.0, Culture=neutral, PublicKeyToken=null::Outer{System.Int32}.Cell{System.String}"#t4)null))) || ((!(v0 == (("GoldenLowering, Version=0.0.0.0, Culture=neutral, PublicKeyToken=null::Outer{System.Int32}.Cell{System.String}"#t4)null))) && true)) value=((v0 != (("GoldenLowering, Version=0.0.0.0, Culture=neutral, PublicKeyToken=null::Outer{System.Int32}.Cell{System.String}"#t4)null)) && (pure:m0((("object"#t3)v0)) == 3))
contract: Ensures safety=(((!(v1 == (("GoldenLowering, Version=0.0.0.0, Culture=neutral, PublicKeyToken=null::Outer{System.Int32}.Cell{System.String}"#t4)null))) && true) && ((!(pure:m0((("object"#t3)v1)) == 7)) || ((!(v2 == (("GoldenLowering, Version=0.0.0.0, Culture=neutral, PublicKeyToken=null::Outer{System.Int32}.Cell{System.String}"#t4)null))) && true))) value=((pure:m0((("object"#t3)v1)) == 7) && (pure:m0((("object"#t3)v2)) == 3))
variable: v1:GoldenLowering, Version=0.0.0.0, Culture=neutral, PublicKeyToken=null::Outer{System.Int32}.Cell{System.String}[width=0,signed=False] source=cell
block: b0 entry
  i0 op2 Assign v1:GoldenLowering, Version=0.0.0.0, Culture=neutral, PublicKeyToken=null::Outer{System.Int32}.Cell{System.String}[width=0,signed=False] = v0 source=none
  i1 op2 Assign v2:GoldenLowering, Version=0.0.0.0, Culture=neutral, PublicKeyToken=null::Outer{System.Int32}.Cell{System.String}[width=0,signed=False] = v0 source=none
  i3 op2 Goto b1 source=none
block: b1 cfg:0
  i4 op2 Goto b2 source=none
block: b2 cfg:1
  i5 op2 Goto b4 source=none
block: b3 cfg:3
  i6 op2 Goto b5 source=none
block: b4 cfg:2
  i7 op2 Goto b5 source=none
block: b5 cfg:4
  i8 op2 Goto b6 source=none
block: b6 cfg:5
  i9 op2 Goto b8 source=none
block: b7 cfg:7
  i10 op2 Goto b9 source=none
block: b8 cfg:6
  i11 op2 Goto b9 source=none
block: b9 cfg:8
  i12 op2 Goto b10 source=none
block: b10 cfg:9
  i13 op7 Assign v7:GoldenLowering, Version=0.0.0.0, Culture=neutral, PublicKeyToken=null::Outer{System.Int32}.Cell{System.String}[width=0,signed=False] = v1 source=total-generic-field-identity.cs:375+4
  i14 op6 Assign v4:GoldenLowering, Version=0.0.0.0, Culture=neutral, PublicKeyToken=null::Outer`1.Cell`1[width=0,signed=False] = (("GoldenLowering, Version=0.0.0.0, Culture=neutral, PublicKeyToken=null::Outer`1.Cell`1"#t5)v7) source=total-generic-field-identity.cs:375+10
  i15 op8 Branch (v7 == (("GoldenLowering, Version=0.0.0.0, Culture=neutral, PublicKeyToken=null::Outer{System.Int32}.Cell{System.String}"#t4)null)) ? b13 : b14 source=total-generic-field-identity.cs:375+10
block: b11 cfg:10
  i56 op2 Return void source=none
block: b12 exceptional:exit
  i2 op2 ExceptionalExit source=none
block: b13 throw
  i16 op8 Throw NullReference -> b12 source=total-generic-field-identity.cs:375+10
block: b14 normal
  i17 op9 Assign v8:bool[width=0,signed=False] = true source=total-generic-field-identity.cs:375+10
  i18 op6 Assign v9:bool[width=0,signed=False] = (pure:m0((("object"#t3)v4)) == 3) source=total-generic-field-identity.cs:375+10
  i19 op6 Goto b16 source=total-generic-field-identity.cs:375+10
block: b15 call:continued
  i30 op15 Assign v18:GoldenLowering, Version=0.0.0.0, Culture=neutral, PublicKeyToken=null::Outer{System.Int32}.Cell{System.String}[width=0,signed=False] = v1 source=total-generic-field-identity.cs:395+4
  i31 op14 Assign v15:GoldenLowering, Version=0.0.0.0, Culture=neutral, PublicKeyToken=null::Outer`1.Cell`1[width=0,signed=False] = (("GoldenLowering, Version=0.0.0.0, Culture=neutral, PublicKeyToken=null::Outer`1.Cell`1"#t5)v18) source=total-generic-field-identity.cs:395+17
  i32 op16 Assign v19:int[width=32,signed=True] = 7 source=total-generic-field-identity.cs:411+1
  i33 op17 Branch (v18 == (("GoldenLowering, Version=0.0.0.0, Culture=neutral, PublicKeyToken=null::Outer{System.Int32}.Cell{System.String}"#t4)null)) ? b21 : b22 source=total-generic-field-identity.cs:395+17
block: b16 call:body
  i20 op10 Assign v5:GoldenLowering, Version=0.0.0.0, Culture=neutral, PublicKeyToken=null::Outer`1.Cell`1[width=0,signed=False] = v4 source=none
  i21 op10 Assign v6:GoldenLowering, Version=0.0.0.0, Culture=neutral, PublicKeyToken=null::Outer`1.Cell`1[width=0,signed=False] = v4 source=none
  i22 op10 Goto b17 source=none
block: b17 call:body
  i23 op10 Goto b18 source=none
block: b18 call:body
  i24 op11 Assign v10:int[width=32,signed=True] = 7 source=total-generic-field-identity.cs:629+1
  i25 op12 Assign v11:int[width=32,signed=True] = v10 source=total-generic-field-identity.cs:621+9
  i26 op13 Write Field (("object"#t3)v5).m0 = v10 source=total-generic-field-identity.cs:621+9
  i27 op10 Goto b19 source=none
block: b19 call:body
  i28 op10 Goto b15 source=none
block: b20 call:body
  i29 op10 ExceptionalExit source=none
block: b21 throw
  i34 op17 Throw NullReference -> b12 source=total-generic-field-identity.cs:395+17
block: b22 normal
  i35 op18 Assign v20:bool[width=0,signed=False] = true source=total-generic-field-identity.cs:395+17
  i36 op14 Assign v12:int[width=32,signed=True] = v19 source=total-generic-field-identity.cs:395+17
  i37 op14 Goto b24 source=total-generic-field-identity.cs:395+17
block: b23 call:continued
  i50 op24 Assign v23:GoldenLowering, Version=0.0.0.0, Culture=neutral, PublicKeyToken=null::Outer{System.Int32}.Cell{System.String}[width=0,signed=False] = v1 source=total-generic-field-identity.cs:429+4
  i51 op25 Branch (v23 == (("GoldenLowering, Version=0.0.0.0, Culture=neutral, PublicKeyToken=null::Outer{System.Int32}.Cell{System.String}"#t4)null)) ? b29 : b30 source=total-generic-field-identity.cs:429+10
block: b24 call:body
  i38 op19 Assign v13:int[width=32,signed=True] = v12 source=none
  i39 op19 Assign v14:int[width=32,signed=True] = v12 source=none
  i40 op19 Assign v16:GoldenLowering, Version=0.0.0.0, Culture=neutral, PublicKeyToken=null::Outer`1.Cell`1[width=0,signed=False] = v15 source=none
  i41 op19 Assign v17:GoldenLowering, Version=0.0.0.0, Culture=neutral, PublicKeyToken=null::Outer`1.Cell`1[width=0,signed=False] = v15 source=none
  i42 op19 Goto b25 source=none
block: b25 call:body
  i43 op19 Goto b26 source=none
block: b26 call:body
  i44 op20 Assign v21:int[width=32,signed=True] = v13 source=total-generic-field-identity.cs:740+5
  i45 op21 Assign v22:int[width=32,signed=True] = v21 source=total-generic-field-identity.cs:732+13
  i46 op22 Write Field (("object"#t3)v16).m0 = v21 source=total-generic-field-identity.cs:732+13
  i47 op19 Goto b27 source=none
block: b27 call:body
  i48 op19 Goto b23 source=none
block: b28 call:body
  i49 op19 ExceptionalExit source=none
block: b29 throw
  i52 op25 Throw NullReference -> b12 source=total-generic-field-identity.cs:429+10
block: b30 normal
  i53 op26 Assign v24:int[width=32,signed=True] = pure:m0((("object"#t3)v23)) source=total-generic-field-identity.cs:429+10
  i54 op23 Assign v3:int[width=32,signed=True] = v24 source=total-generic-field-identity.cs:429+10
  i55 op23 Return v3 source=total-generic-field-identity.cs:429+10
term: ir0 Variable type=t4:GoldenLowering, Version=0.0.0.0, Culture=neutral, PublicKeyToken=null::Outer{System.Int32}.Cell{System.String} width=0 signed=False value=v0
term: ir1 Boolean type=t0:bool width=0 signed=False value=true
term: ir3 Null type=t4:GoldenLowering, Version=0.0.0.0, Culture=neutral, PublicKeyToken=null::Outer{System.Int32}.Cell{System.String} width=0 signed=False value=(("GoldenLowering, Version=0.0.0.0, Culture=neutral, PublicKeyToken=null::Outer{System.Int32}.Cell{System.String}"#t4)null)
term: ir4 Binary type=t0:bool width=0 signed=False value=(v0 != (("GoldenLowering, Version=0.0.0.0, Culture=neutral, PublicKeyToken=null::Outer{System.Int32}.Cell{System.String}"#t4)null))
term: ir5 Cast type=t3:object width=0 signed=False value=(("object"#t3)v0)
term: ir6 Opaque type=t1:int width=32 signed=True value=pure:m0((("object"#t3)v0))
term: ir7 Binary type=t0:bool width=0 signed=False value=(v0 == (("GoldenLowering, Version=0.0.0.0, Culture=neutral, PublicKeyToken=null::Outer{System.Int32}.Cell{System.String}"#t4)null))
term: ir8 Unary type=t0:bool width=0 signed=False value=(!(v0 == (("GoldenLowering, Version=0.0.0.0, Culture=neutral, PublicKeyToken=null::Outer{System.Int32}.Cell{System.String}"#t4)null)))
term: ir9 Integer type=t1:int width=32 signed=True bits=3 value=3
term: ir10 Binary type=t0:bool width=0 signed=False value=(pure:m0((("object"#t3)v0)) == 3)
term: ir11 Binary type=t0:bool width=0 signed=False value=((!(v0 == (("GoldenLowering, Version=0.0.0.0, Culture=neutral, PublicKeyToken=null::Outer{System.Int32}.Cell{System.String}"#t4)null))) && true)
term: ir12 Binary type=t0:bool width=0 signed=False value=((v0 != (("GoldenLowering, Version=0.0.0.0, Culture=neutral, PublicKeyToken=null::Outer{System.Int32}.Cell{System.String}"#t4)null)) && (pure:m0((("object"#t3)v0)) == 3))
term: ir13 Unary type=t0:bool width=0 signed=False value=(!(v0 != (("GoldenLowering, Version=0.0.0.0, Culture=neutral, PublicKeyToken=null::Outer{System.Int32}.Cell{System.String}"#t4)null)))
term: ir14 Binary type=t0:bool width=0 signed=False value=((!(v0 != (("GoldenLowering, Version=0.0.0.0, Culture=neutral, PublicKeyToken=null::Outer{System.Int32}.Cell{System.String}"#t4)null))) || ((!(v0 == (("GoldenLowering, Version=0.0.0.0, Culture=neutral, PublicKeyToken=null::Outer{System.Int32}.Cell{System.String}"#t4)null))) && true))
term: ir15 Variable type=t4:GoldenLowering, Version=0.0.0.0, Culture=neutral, PublicKeyToken=null::Outer{System.Int32}.Cell{System.String} width=0 signed=False value=v1
term: ir16 Cast type=t3:object width=0 signed=False value=(("object"#t3)v1)
term: ir17 Opaque type=t1:int width=32 signed=True value=pure:m0((("object"#t3)v1))
term: ir18 Binary type=t0:bool width=0 signed=False value=(v1 == (("GoldenLowering, Version=0.0.0.0, Culture=neutral, PublicKeyToken=null::Outer{System.Int32}.Cell{System.String}"#t4)null))
term: ir19 Unary type=t0:bool width=0 signed=False value=(!(v1 == (("GoldenLowering, Version=0.0.0.0, Culture=neutral, PublicKeyToken=null::Outer{System.Int32}.Cell{System.String}"#t4)null)))
term: ir20 Integer type=t1:int width=32 signed=True bits=7 value=7
term: ir21 Binary type=t0:bool width=0 signed=False value=(pure:m0((("object"#t3)v1)) == 7)
term: ir22 Binary type=t0:bool width=0 signed=False value=((!(v1 == (("GoldenLowering, Version=0.0.0.0, Culture=neutral, PublicKeyToken=null::Outer{System.Int32}.Cell{System.String}"#t4)null))) && true)
term: ir23 Variable type=t4:GoldenLowering, Version=0.0.0.0, Culture=neutral, PublicKeyToken=null::Outer{System.Int32}.Cell{System.String} width=0 signed=False value=v2
term: ir24 Cast type=t3:object width=0 signed=False value=(("object"#t3)v2)
term: ir25 Opaque type=t1:int width=32 signed=True value=pure:m0((("object"#t3)v2))
term: ir26 Binary type=t0:bool width=0 signed=False value=(v2 == (("GoldenLowering, Version=0.0.0.0, Culture=neutral, PublicKeyToken=null::Outer{System.Int32}.Cell{System.String}"#t4)null))
term: ir27 Unary type=t0:bool width=0 signed=False value=(!(v2 == (("GoldenLowering, Version=0.0.0.0, Culture=neutral, PublicKeyToken=null::Outer{System.Int32}.Cell{System.String}"#t4)null)))
term: ir28 Binary type=t0:bool width=0 signed=False value=(pure:m0((("object"#t3)v2)) == 3)
term: ir29 Binary type=t0:bool width=0 signed=False value=((!(v2 == (("GoldenLowering, Version=0.0.0.0, Culture=neutral, PublicKeyToken=null::Outer{System.Int32}.Cell{System.String}"#t4)null))) && true)
term: ir30 Binary type=t0:bool width=0 signed=False value=((pure:m0((("object"#t3)v1)) == 7) && (pure:m0((("object"#t3)v2)) == 3))
term: ir32 Unary type=t0:bool width=0 signed=False value=(!(pure:m0((("object"#t3)v1)) == 7))
term: ir33 Binary type=t0:bool width=0 signed=False value=((!(pure:m0((("object"#t3)v1)) == 7)) || ((!(v2 == (("GoldenLowering, Version=0.0.0.0, Culture=neutral, PublicKeyToken=null::Outer{System.Int32}.Cell{System.String}"#t4)null))) && true))
term: ir34 Binary type=t0:bool width=0 signed=False value=(((!(v1 == (("GoldenLowering, Version=0.0.0.0, Culture=neutral, PublicKeyToken=null::Outer{System.Int32}.Cell{System.String}"#t4)null))) && true) && ((!(pure:m0((("object"#t3)v1)) == 7)) || ((!(v2 == (("GoldenLowering, Version=0.0.0.0, Culture=neutral, PublicKeyToken=null::Outer{System.Int32}.Cell{System.String}"#t4)null))) && true)))
term: ir35 Variable type=t5:GoldenLowering, Version=0.0.0.0, Culture=neutral, PublicKeyToken=null::Outer`1.Cell`1 width=0 signed=False value=v4
term: ir36 Cast type=t3:object width=0 signed=False value=(("object"#t3)v4)
term: ir37 Opaque type=t1:int width=32 signed=True value=pure:m0((("object"#t3)v4))
term: ir38 Binary type=t0:bool width=0 signed=False value=(pure:m0((("object"#t3)v4)) == 3)
term: ir40 Variable type=t4:GoldenLowering, Version=0.0.0.0, Culture=neutral, PublicKeyToken=null::Outer{System.Int32}.Cell{System.String} width=0 signed=False value=v7
term: ir41 Cast type=t5:GoldenLowering, Version=0.0.0.0, Culture=neutral, PublicKeyToken=null::Outer`1.Cell`1 width=0 signed=False value=(("GoldenLowering, Version=0.0.0.0, Culture=neutral, PublicKeyToken=null::Outer`1.Cell`1"#t5)v7)
term: ir42 Binary type=t0:bool width=0 signed=False value=(v7 == (("GoldenLowering, Version=0.0.0.0, Culture=neutral, PublicKeyToken=null::Outer{System.Int32}.Cell{System.String}"#t4)null))
term: ir44 Variable type=t1:int width=32 signed=True value=v10
term: ir48 Variable type=t4:GoldenLowering, Version=0.0.0.0, Culture=neutral, PublicKeyToken=null::Outer{System.Int32}.Cell{System.String} width=0 signed=False value=v18
term: ir49 Cast type=t5:GoldenLowering, Version=0.0.0.0, Culture=neutral, PublicKeyToken=null::Outer`1.Cell`1 width=0 signed=False value=(("GoldenLowering, Version=0.0.0.0, Culture=neutral, PublicKeyToken=null::Outer`1.Cell`1"#t5)v18)
term: ir50 Variable type=t1:int width=32 signed=True value=v19
term: ir51 Binary type=t0:bool width=0 signed=False value=(v18 == (("GoldenLowering, Version=0.0.0.0, Culture=neutral, PublicKeyToken=null::Outer{System.Int32}.Cell{System.String}"#t4)null))
term: ir53 Variable type=t1:int width=32 signed=True value=v12
term: ir54 Variable type=t5:GoldenLowering, Version=0.0.0.0, Culture=neutral, PublicKeyToken=null::Outer`1.Cell`1 width=0 signed=False value=v15
term: ir55 Variable type=t1:int width=32 signed=True value=v13
term: ir56 Variable type=t1:int width=32 signed=True value=v21
term: ir60 Variable type=t4:GoldenLowering, Version=0.0.0.0, Culture=neutral, PublicKeyToken=null::Outer{System.Int32}.Cell{System.String} width=0 signed=False value=v23
term: ir61 Cast type=t3:object width=0 signed=False value=(("object"#t3)v23)
term: ir62 Opaque type=t1:int width=32 signed=True value=pure:m0((("object"#t3)v23))
term: ir63 Binary type=t0:bool width=0 signed=False value=(v23 == (("GoldenLowering, Version=0.0.0.0, Culture=neutral, PublicKeyToken=null::Outer{System.Int32}.Cell{System.String}"#t4)null))
term: ir64 Variable type=t1:int width=32 signed=True value=v24
term: ir65 Variable type=t1:int width=32 signed=True value=v3
