mode: Total
classification: Exact/None
entry: b0
parameter: 0 entry=v0:int[width=32,signed=True] current=v1:int[width=32,signed=True] old=v2:int[width=32,signed=True]
result: v3:int[width=32,signed=True]
contract-binding: None
variable: v1:int[width=32,signed=True] source=x
block: b0 entry
  i0 op0 Assign v1:int[width=32,signed=True] = v0 source=none
  i1 op0 Assign v2:int[width=32,signed=True] = v0 source=none
  i3 op0 Goto b1 source=none
block: b1 cfg:0
  i4 op0 Goto b2 source=none
block: b2 cfg:1
  i5 op3 Assign v8:int[width=32,signed=True] = 0 source=total-call-precondition-nested.cs:214+8
  i6 op4 Assign v9:int[width=32,signed=True] = v1 source=total-call-precondition-nested.cs:220+1
  i7 op3 Assign v10:bool[width=0,signed=False] = (v9 >= 0) source=total-call-precondition-nested.cs:214+8
  i8 op3 Assign v4:int[width=32,signed=True] = v9 source=total-call-precondition-nested.cs:214+8
  i9 op3 Goto b6 source=total-call-precondition-nested.cs:214+8
block: b3 cfg:2
  i37 op0 Return void source=none
block: b4 exceptional:exit
  i2 op0 ExceptionalExit source=none
block: b5 call:continued
  i35 op1 Assign v3:int[width=32,signed=True] = v8 source=total-call-precondition-nested.cs:214+8
  i36 op1 Return v3 source=total-call-precondition-nested.cs:214+8
block: b6 call:body
  i10 op5 Assign v5:int[width=32,signed=True] = v4 source=none
  i11 op5 Assign v6:int[width=32,signed=True] = v4 source=none
  i12 op5 Goto b7 source=none
block: b7 call:body
  i13 op5 Goto b8 source=none
block: b8 call:body
  i14 op8 Assign v15:int[width=32,signed=True] = 0 source=total-call-precondition-nested.cs:317+12
  i15 op9 Assign v16:int[width=32,signed=True] = v5 source=total-call-precondition-nested.cs:323+5
  i16 op8 Assign v17:bool[width=0,signed=False] = (v16 > 0) source=total-call-precondition-nested.cs:317+12
  i17 op8 Assign v11:int[width=32,signed=True] = v16 source=total-call-precondition-nested.cs:317+12
  i18 op8 Goto b12 source=total-call-precondition-nested.cs:317+12
block: b9 call:body
  i19 op5 Goto b5 source=none
block: b10 call:body
  i20 op5 ExceptionalExit source=none
block: b11 call:body
  i21 op6 Assign v7:int[width=32,signed=True] = v15 source=total-call-precondition-nested.cs:317+12
  i22 op6 Assign v8:int[width=32,signed=True] = v7 source=total-call-precondition-nested.cs:317+12
  i23 op6 Goto b5 source=total-call-precondition-nested.cs:317+12
block: b12 call:body
  i24 op10 Assign v12:int[width=32,signed=True] = v11 source=none
  i25 op10 Assign v13:int[width=32,signed=True] = v11 source=none
  i26 op10 Goto b13 source=none
block: b13 call:body
  i27 op10 Goto b14 source=none
block: b14 call:body
  i28 op11 Allocate t3:object source=total-call-precondition-nested.cs:422+12
  i29 op13 Assign v18:int[width=32,signed=True] = v12 source=total-call-precondition-nested.cs:451+5
  i30 op12 Assign v14:int[width=32,signed=True] = v18 source=total-call-precondition-nested.cs:451+5
  i31 op12 Assign v15:int[width=32,signed=True] = v14 source=total-call-precondition-nested.cs:451+5
  i32 op12 Goto b11 source=total-call-precondition-nested.cs:451+5
block: b15 call:body
  i33 op10 Goto b11 source=none
block: b16 call:body
  i34 op10 ExceptionalExit source=none
term: ir0 Variable type=t1:int width=32 signed=True value=v0
term: ir1 Variable type=t1:int width=32 signed=True value=v4
term: ir3 Integer type=t1:int width=32 signed=True bits=0 value=0
term: ir5 Variable type=t1:int width=32 signed=True value=v8
term: ir6 Variable type=t1:int width=32 signed=True value=v1
term: ir7 Variable type=t1:int width=32 signed=True value=v9
term: ir8 Binary type=t0:bool width=0 signed=False value=(v9 >= 0)
term: ir9 Variable type=t1:int width=32 signed=True value=v11
term: ir11 Variable type=t1:int width=32 signed=True value=v15
term: ir12 Variable type=t1:int width=32 signed=True value=v5
term: ir13 Variable type=t1:int width=32 signed=True value=v16
term: ir14 Binary type=t0:bool width=0 signed=False value=(v16 > 0)
term: ir15 Variable type=t1:int width=32 signed=True value=v12
term: ir16 Variable type=t1:int width=32 signed=True value=v18
term: ir17 Variable type=t1:int width=32 signed=True value=v14
term: ir18 Variable type=t1:int width=32 signed=True value=v7
term: ir19 Variable type=t1:int width=32 signed=True value=v3
call-execution: Returned allocations=1
call-precondition: GoldenLowering, Version=0.0.0.0, Culture=neutral, PublicKeyToken=null::M:Subject.Outer(System.Int32)~System.Int32 clause=0 reached=True value=True
call-precondition: GoldenLowering, Version=0.0.0.0, Culture=neutral, PublicKeyToken=null::M:Subject.Inner(System.Int32)~System.Int32 clause=0 reached=True value=False
call-observation: GoldenLowering, Version=0.0.0.0, Culture=neutral, PublicKeyToken=null::M:Subject.Outer(System.Int32)~System.Int32 clause=0 value=True approximation=False
call-observation: GoldenLowering, Version=0.0.0.0, Culture=neutral, PublicKeyToken=null::M:Subject.Inner(System.Int32)~System.Int32 clause=0 value=False approximation=False
