mode: Total
classification: Exact/None
entry: b0
parameter: 0 entry=v0:int[width=32,signed=True] current=v1:int[width=32,signed=True] old=v2:int[width=32,signed=True]
result: v3:int[width=32,signed=True]
variable: v1:int[width=32,signed=True] source=x
block: b0 entry
  i0 op0 Assign v1:int[width=32,signed=True] = v0 source=none
  i1 op0 Assign v2:int[width=32,signed=True] = v0 source=none
  i3 op0 Goto b4 source=none
block: b1 filter:accepted
  i170 op8 Goto b29 source=total-cross-frame-search.cs:411+10
block: b2 filter:rejected
  i171 op8 Goto b26 source=total-cross-frame-search.cs:411+10
block: b3 finally:dispatch
  i173 op0 Branch (v7 == 0) ? b88 : b89 source=none
block: b4 cfg:0
  i4 op0 Goto b5 source=none
block: b5 cfg:1
  i5 op2 Assign v12:int[width=32,signed=True] = 0 source=total-cross-frame-search.cs:145+9
  i6 op3 Assign v13:int[width=32,signed=True] = v1 source=total-cross-frame-search.cs:152+1
  i60 op2 Assign v8:int[width=32,signed=True] = v13 source=total-cross-frame-search.cs:145+9
  i61 op2 Goto b15 source=total-cross-frame-search.cs:145+9
block: b6 cfg:2
  i67 op15 Assign v20:int[width=32,signed=True] = v1 source=total-cross-frame-search.cs:209+3
  i68 op16 Assign v21:int[width=32,signed=True] = (v20 + 1) source=total-cross-frame-search.cs:209+3
  i69 op17 Assign v1:int[width=32,signed=True] = v21 source=total-cross-frame-search.cs:209+3
  i70 op17 Write Local source=total-cross-frame-search.cs:209+3
  i71 op18 Assign v22:int[width=32,signed=True] = 0 source=total-cross-frame-search.cs:215+1
  i72 op19 Assign v23:bool[width=0,signed=False] = (v21 > v22) source=total-cross-frame-search.cs:209+7
  i73 op14 Branch v23 ? b7 : b8 source=total-cross-frame-search.cs:209+7
block: b7 cfg:3
  i74 op21 Assign v28:bool[width=0,signed=False] = false source=total-cross-frame-search.cs:220+13
  i75 op22 Assign v29:int[width=32,signed=True] = v1 source=total-cross-frame-search.cs:227+1
  i76 op23 Assign v30:int[width=32,signed=True] = 1 source=total-cross-frame-search.cs:231+1
  i77 op24 Assign v31:int[width=32,signed=True] = (v29 - v30) source=total-cross-frame-search.cs:227+5
  i147 op21 Assign v24:int[width=32,signed=True] = v31 source=total-cross-frame-search.cs:220+13
  i148 op21 Goto b48 source=total-cross-frame-search.cs:220+13
block: b8 cfg:4
  i150 op0 Goto b2 source=none
block: b9 cfg:5
  i151 op47 Assign v50:int[width=32,signed=True] = 7 source=total-cross-frame-search.cs:244+1
  i152 op46 Assign v3:int[width=32,signed=True] = v50 source=total-cross-frame-search.cs:244+1
  i156 op46 Goto b85 source=total-cross-frame-search.cs:244+1
block: b10 cfg:6
  i157 op49 Assign v51:int[width=32,signed=True] = v1 source=total-cross-frame-search.cs:303+1
  i158 op48 Assign v3:int[width=32,signed=True] = v51 source=total-cross-frame-search.cs:303+1
  i162 op48 Goto b87 source=total-cross-frame-search.cs:303+1
block: b11 cfg:7
  i163 op50 Assign v52:int[width=32,signed=True] = v1 source=total-cross-frame-search.cs:326+7
  i164 op51 Assign v53:int[width=32,signed=True] = 10 source=total-cross-frame-search.cs:331+2
  i165 op52 Assign v54:int[width=32,signed=True] = (v52 + v53) source=total-cross-frame-search.cs:326+7
  i166 op53 Assign v1:int[width=32,signed=True] = v54 source=total-cross-frame-search.cs:326+7
  i167 op53 Write Local source=total-cross-frame-search.cs:326+7
  i168 op0 Goto b3 source=none
block: b12 cfg:8
  i169 op0 Return void source=none
block: b13 exceptional:exit
  i2 op0 ExceptionalExit source=none
block: b14 call:continued
  i62 op1 Assign v3:int[width=32,signed=True] = v12 source=total-cross-frame-search.cs:145+9
  i66 op1 Goto b46 source=total-cross-frame-search.cs:145+9
block: b15 entry
  i7 op4 Assign v9:int[width=32,signed=True] = v8 source=none
  i8 op4 Assign v10:int[width=32,signed=True] = v8 source=none
  i10 op4 Goto b17 source=none
block: b16 finally:dispatch
  i53 op4 Branch (v14 == 0) ? b38 : b39 source=none
block: b17 cfg:0
  i11 op4 Goto b18 source=none
block: b18 cfg:1
  i12 op6 Assign v15:int[width=32,signed=True] = 10 source=total-cross-frame-search.cs:411+2
  i13 op7 Assign v16:int[width=32,signed=True] = v9 source=total-cross-frame-search.cs:416+5
  i14 op8 Branch (v16 == 0) ? b22 : b23 source=total-cross-frame-search.cs:411+10
block: b19 cfg:2
  i46 op11 Assign v18:int[width=32,signed=True] = v9 source=total-cross-frame-search.cs:443+7
  i47 op12 Assign v19:int[width=32,signed=True] = (v18 + 1) source=total-cross-frame-search.cs:443+7
  i48 op13 Assign v9:int[width=32,signed=True] = v19 source=total-cross-frame-search.cs:443+7
  i49 op13 Write Local source=total-cross-frame-search.cs:443+7
  i50 op4 Goto b16 source=none
block: b20 cfg:3
  i51 op4 Goto b14 source=none
block: b21 exceptional:exit
  i9 op4 ExceptionalExit source=none
block: b22 throw
  i29 op8 Throw DivideByZero -> b30 source=total-cross-frame-search.cs:411+10
block: b23 normal
  i30 op9 Branch ((v15 == -2147483648) && (v16 == -1)) ? b31 : b32 source=total-cross-frame-search.cs:411+10
block: b24 catch:entry
  i15 op8 Assign v6:int[width=32,signed=True] = 0 source=total-cross-frame-search.cs:411+10
  i16 op8 Goto b10 source=total-cross-frame-search.cs:411+10
block: b25 finally:entry
  i17 op8 Assign v11:int[width=32,signed=True] = 0 source=total-cross-frame-search.cs:411+10
  i18 op8 Assign v14:int[width=32,signed=True] = 0 source=total-cross-frame-search.cs:411+10
  i19 op8 Goto b19 source=total-cross-frame-search.cs:411+10
block: b26 exception:searched
  i20 op8 Throw DivideByZero -> b25 source=total-cross-frame-search.cs:411+10
block: b27 catch:entry
  i21 op8 Assign v5:int[width=32,signed=True] = 0 source=total-cross-frame-search.cs:411+10
  i22 op8 Goto b9 source=total-cross-frame-search.cs:411+10
block: b28 finally:entry
  i23 op8 Assign v11:int[width=32,signed=True] = 0 source=total-cross-frame-search.cs:411+10
  i24 op8 Assign v14:int[width=32,signed=True] = 1 source=total-cross-frame-search.cs:411+10
  i25 op8 Goto b19 source=total-cross-frame-search.cs:411+10
block: b29 exception:searched
  i26 op8 Throw DivideByZero -> b28 source=total-cross-frame-search.cs:411+10
block: b30 filter:entry
  i27 op8 Assign v4:int[width=32,signed=True] = 0 source=total-cross-frame-search.cs:411+10
  i28 op8 Goto b6 source=total-cross-frame-search.cs:411+10
block: b31 throw
  i38 op9 Throw Overflow -> b35 source=total-cross-frame-search.cs:411+10
block: b32 normal
  i39 op10 Assign v17:int[width=32,signed=True] = (v15 / v16) source=total-cross-frame-search.cs:411+10
  i40 op5 Assign v11:int[width=32,signed=True] = v17 source=total-cross-frame-search.cs:411+10
  i45 op5 Goto b37 source=total-cross-frame-search.cs:411+10
block: b33 finally:entry
  i31 op9 Assign v3:int[width=32,signed=True] = 0 source=total-cross-frame-search.cs:411+10
  i32 op9 Assign v7:int[width=32,signed=True] = 0 source=total-cross-frame-search.cs:411+10
  i33 op9 Goto b11 source=total-cross-frame-search.cs:411+10
block: b34 finally:entry
  i34 op9 Assign v11:int[width=32,signed=True] = 0 source=total-cross-frame-search.cs:411+10
  i35 op9 Assign v14:int[width=32,signed=True] = 2 source=total-cross-frame-search.cs:411+10
  i36 op9 Goto b19 source=total-cross-frame-search.cs:411+10
block: b35 exception:searched
  i37 op9 Throw Overflow -> b34 source=total-cross-frame-search.cs:411+10
block: b36 return:captured
  i41 op5 Assign v12:int[width=32,signed=True] = v11 source=total-cross-frame-search.cs:411+10
  i42 op5 Goto b14 source=total-cross-frame-search.cs:411+10
block: b37 finally:entry
  i43 op5 Assign v14:int[width=32,signed=True] = 3 source=total-cross-frame-search.cs:411+10
  i44 op5 Goto b19 source=total-cross-frame-search.cs:411+10
block: b38 finally:continue
  i52 op8 Throw DivideByZero -> b24 source=total-cross-frame-search.cs:411+10
block: b39 finally:dispatch
  i55 op4 Branch (v14 == 1) ? b40 : b41 source=none
block: b40 finally:continue
  i54 op8 Throw DivideByZero -> b27 source=total-cross-frame-search.cs:411+10
block: b41 finally:dispatch
  i57 op4 Branch (v14 == 2) ? b42 : b43 source=none
block: b42 finally:continue
  i56 op9 Throw Overflow -> b33 source=total-cross-frame-search.cs:411+10
block: b43 finally:dispatch
  i59 op4 Goto b44 source=none
block: b44 finally:continue
  i58 op5 Goto b36 source=total-cross-frame-search.cs:411+10
block: b45 return:captured
  i63 op1 Return v3 source=total-cross-frame-search.cs:145+9
block: b46 finally:entry
  i64 op1 Assign v7:int[width=32,signed=True] = 1 source=total-cross-frame-search.cs:145+9
  i65 op1 Goto b11 source=total-cross-frame-search.cs:145+9
block: b47 call:continued
  i149 op20 Branch v28 ? b1 : b8 source=total-cross-frame-search.cs:220+13
block: b48 entry
  i78 op25 Assign v25:int[width=32,signed=True] = v24 source=none
  i79 op25 Assign v26:int[width=32,signed=True] = v24 source=none
  i81 op25 Goto b50 source=none
block: b49 finally:dispatch
  i140 op25 Branch (v32 == 0) ? b77 : b78 source=none
block: b50 cfg:0
  i82 op25 Goto b51 source=none
block: b51 cfg:1
  i83 op27 Assign v37:bool[width=0,signed=False] = false source=total-cross-frame-search.cs:529+11
  i84 op28 Assign v38:int[width=32,signed=True] = v25 source=total-cross-frame-search.cs:534+5
  i125 op27 Assign v33:int[width=32,signed=True] = v38 source=total-cross-frame-search.cs:529+11
  i126 op27 Goto b56 source=total-cross-frame-search.cs:529+11
block: b52 cfg:2
  i133 op43 Assign v48:int[width=32,signed=True] = v25 source=total-cross-frame-search.cs:562+7
  i134 op44 Assign v49:int[width=32,signed=True] = (v48 + 1) source=total-cross-frame-search.cs:562+7
  i135 op45 Assign v25:int[width=32,signed=True] = v49 source=total-cross-frame-search.cs:562+7
  i136 op45 Write Local source=total-cross-frame-search.cs:562+7
  i137 op25 Goto b49 source=none
block: b53 cfg:3
  i138 op25 Goto b47 source=none
block: b54 exceptional:exit
  i80 op25 ExceptionalExit source=none
block: b55 call:continued
  i127 op26 Assign v27:bool[width=0,signed=False] = v37 source=total-cross-frame-search.cs:529+11
  i132 op26 Goto b76 source=total-cross-frame-search.cs:529+11
block: b56 entry
  i85 op29 Assign v34:int[width=32,signed=True] = v33 source=none
  i86 op29 Assign v35:int[width=32,signed=True] = v33 source=none
  i88 op29 Goto b58 source=none
block: b57 finally:dispatch
  i124 op29 Goto b74 source=none
block: b58 cfg:0
  i89 op29 Goto b59 source=none
block: b59 cfg:1
  i90 op31 Assign v40:int[width=32,signed=True] = v34 source=total-cross-frame-search.cs:646+5
  i91 op32 Assign v41:int[width=32,signed=True] = 0 source=total-cross-frame-search.cs:654+1
  i92 op33 Assign v42:bool[width=0,signed=False] = (v40 > v41) source=total-cross-frame-search.cs:646+9
  i93 op30 Assign v36:bool[width=0,signed=False] = v42 source=total-cross-frame-search.cs:646+9
  i98 op30 Goto b64 source=total-cross-frame-search.cs:646+9
block: b60 cfg:2
  i99 op34 Assign v43:int[width=32,signed=True] = v34 source=total-cross-frame-search.cs:700+5
  i100 op35 Assign v44:int[width=32,signed=True] = 256 source=total-cross-frame-search.cs:708+3
  i101 op36 Branch ((((v43 >= 0) && (v44 >= 0)) && ((v43 + v44) < 0)) || (((v43 < 0) && (v44 < 0)) && ((v43 + v44) >= 0))) ? b65 : b66 source=total-cross-frame-search.cs:700+11
block: b61 cfg:3
  i122 op29 Goto b55 source=none
block: b62 exceptional:exit
  i87 op29 ExceptionalExit source=none
block: b63 return:captured
  i94 op30 Assign v37:bool[width=0,signed=False] = v36 source=total-cross-frame-search.cs:646+9
  i95 op30 Goto b55 source=total-cross-frame-search.cs:646+9
block: b64 finally:entry
  i96 op30 Assign v39:int[width=32,signed=True] = 0 source=total-cross-frame-search.cs:646+9
  i97 op30 Goto b60 source=total-cross-frame-search.cs:646+9
block: b65 throw
  i105 op36 Throw Overflow -> b67 source=total-cross-frame-search.cs:700+11
block: b66 normal
  i106 op37 Assign v45:int[width=32,signed=True] = (v43 + v44) source=total-cross-frame-search.cs:700+11
  i107 op38 Branch (v45 < 0) ? b68 : b69 source=total-cross-frame-search.cs:693+19
block: b67 finally:entry
  i102 op36 Assign v27:bool[width=0,signed=False] = false source=total-cross-frame-search.cs:700+11
  i103 op36 Assign v32:int[width=32,signed=True] = 0 source=total-cross-frame-search.cs:700+11
  i104 op36 Goto b52 source=total-cross-frame-search.cs:700+11
block: b68 throw
  i111 op38 Throw Overflow -> b70 source=total-cross-frame-search.cs:693+19
block: b69 normal
  i112 op39 Branch (v45 > 255) ? b71 : b72 source=total-cross-frame-search.cs:693+19
block: b70 finally:entry
  i108 op38 Assign v27:bool[width=0,signed=False] = false source=total-cross-frame-search.cs:693+19
  i109 op38 Assign v32:int[width=32,signed=True] = 1 source=total-cross-frame-search.cs:693+19
  i110 op38 Goto b52 source=total-cross-frame-search.cs:693+19
block: b71 throw
  i116 op39 Throw Overflow -> b73 source=total-cross-frame-search.cs:693+19
block: b72 normal
  i117 op40 Assign v46:byte[width=8,signed=False] = (("byte"#t4)v45) source=total-cross-frame-search.cs:693+19
  i118 op41 Assign v47:int[width=32,signed=True] = (("int"#t1)v46) source=total-cross-frame-search.cs:693+19
  i119 op42 Assign v34:int[width=32,signed=True] = v47 source=total-cross-frame-search.cs:677+36
  i120 op42 Write Local source=total-cross-frame-search.cs:677+36
  i121 op29 Goto b57 source=none
block: b73 finally:entry
  i113 op39 Assign v27:bool[width=0,signed=False] = false source=total-cross-frame-search.cs:693+19
  i114 op39 Assign v32:int[width=32,signed=True] = 2 source=total-cross-frame-search.cs:693+19
  i115 op39 Goto b52 source=total-cross-frame-search.cs:693+19
block: b74 finally:continue
  i123 op30 Goto b63 source=total-cross-frame-search.cs:646+9
block: b75 return:captured
  i128 op26 Assign v28:bool[width=0,signed=False] = v27 source=total-cross-frame-search.cs:529+11
  i129 op26 Goto b47 source=total-cross-frame-search.cs:529+11
block: b76 finally:entry
  i130 op26 Assign v32:int[width=32,signed=True] = 3 source=total-cross-frame-search.cs:529+11
  i131 op26 Goto b52 source=total-cross-frame-search.cs:529+11
block: b77 finally:continue
  i139 op36 Throw Overflow -> b2 source=total-cross-frame-search.cs:700+11
block: b78 finally:dispatch
  i142 op25 Branch (v32 == 1) ? b79 : b80 source=none
block: b79 finally:continue
  i141 op38 Throw Overflow -> b2 source=total-cross-frame-search.cs:693+19
block: b80 finally:dispatch
  i144 op25 Branch (v32 == 2) ? b81 : b82 source=none
block: b81 finally:continue
  i143 op39 Throw Overflow -> b2 source=total-cross-frame-search.cs:693+19
block: b82 finally:dispatch
  i146 op25 Goto b83 source=none
block: b83 finally:continue
  i145 op26 Goto b75 source=total-cross-frame-search.cs:529+11
block: b84 return:captured
  i153 op46 Return v3 source=total-cross-frame-search.cs:244+1
block: b85 finally:entry
  i154 op46 Assign v7:int[width=32,signed=True] = 2 source=total-cross-frame-search.cs:244+1
  i155 op46 Goto b11 source=total-cross-frame-search.cs:244+1
block: b86 return:captured
  i159 op48 Return v3 source=total-cross-frame-search.cs:303+1
block: b87 finally:entry
  i160 op48 Assign v7:int[width=32,signed=True] = 3 source=total-cross-frame-search.cs:303+1
  i161 op48 Goto b11 source=total-cross-frame-search.cs:303+1
block: b88 finally:continue
  i172 op9 Throw Overflow -> b13 source=total-cross-frame-search.cs:411+10
block: b89 finally:dispatch
  i175 op0 Branch (v7 == 1) ? b90 : b91 source=none
block: b90 finally:continue
  i174 op1 Goto b45 source=total-cross-frame-search.cs:145+9
block: b91 finally:dispatch
  i177 op0 Branch (v7 == 2) ? b92 : b93 source=none
block: b92 finally:continue
  i176 op46 Goto b84 source=total-cross-frame-search.cs:244+1
block: b93 finally:dispatch
  i179 op0 Goto b94 source=none
block: b94 finally:continue
  i178 op48 Goto b86 source=total-cross-frame-search.cs:303+1
term: ir0 Variable type=t1:int width=32 signed=True value=v0
term: ir1 Variable type=t1:int width=32 signed=True value=v12
term: ir2 Integer type=t1:int width=32 signed=True bits=0 value=0
term: ir3 Variable type=t1:int width=32 signed=True value=v1
term: ir4 Variable type=t1:int width=32 signed=True value=v13
term: ir5 Variable type=t1:int width=32 signed=True value=v8
term: ir6 Integer type=t1:int width=32 signed=True bits=10 value=10
term: ir7 Variable type=t1:int width=32 signed=True value=v15
term: ir8 Variable type=t1:int width=32 signed=True value=v9
term: ir9 Variable type=t1:int width=32 signed=True value=v16
term: ir10 Binary type=t0:bool width=0 signed=False value=(v16 == 0)
term: ir11 Integer type=t1:int width=32 signed=True bits=2147483648 value=-2147483648
term: ir12 Binary type=t0:bool width=0 signed=False value=(v15 == -2147483648)
term: ir13 Integer type=t1:int width=32 signed=True bits=4294967295 value=-1
term: ir14 Binary type=t0:bool width=0 signed=False value=(v16 == -1)
term: ir15 Binary type=t0:bool width=0 signed=False value=((v15 == -2147483648) && (v16 == -1))
term: ir16 Binary type=t1:int width=32 signed=True value=(v15 / v16)
term: ir17 Integer type=t1:int width=32 signed=True bits=1 value=1
term: ir18 Integer type=t1:int width=32 signed=True bits=2 value=2
term: ir19 Variable type=t1:int width=32 signed=True value=v17
term: ir20 Variable type=t1:int width=32 signed=True value=v11
term: ir21 Integer type=t1:int width=32 signed=True bits=3 value=3
term: ir22 Variable type=t1:int width=32 signed=True value=v18
term: ir23 Binary type=t1:int width=32 signed=True value=(v18 + 1)
term: ir24 Variable type=t1:int width=32 signed=True value=v19
term: ir25 Variable type=t1:int width=32 signed=True value=v14
term: ir26 Binary type=t0:bool width=0 signed=False value=(v14 == 0)
term: ir27 Binary type=t0:bool width=0 signed=False value=(v14 == 1)
term: ir28 Binary type=t0:bool width=0 signed=False value=(v14 == 2)
term: ir29 Variable type=t1:int width=32 signed=True value=v3
term: ir30 Variable type=t1:int width=32 signed=True value=v20
term: ir31 Binary type=t1:int width=32 signed=True value=(v20 + 1)
term: ir32 Variable type=t1:int width=32 signed=True value=v21
term: ir33 Variable type=t1:int width=32 signed=True value=v22
term: ir34 Binary type=t0:bool width=0 signed=False value=(v21 > v22)
term: ir35 Variable type=t0:bool width=0 signed=False value=v23
term: ir36 Variable type=t0:bool width=0 signed=False value=v28
term: ir37 Boolean type=t0:bool width=0 signed=False value=false
term: ir38 Variable type=t1:int width=32 signed=True value=v29
term: ir39 Variable type=t1:int width=32 signed=True value=v30
term: ir40 Binary type=t1:int width=32 signed=True value=(v29 - v30)
term: ir41 Variable type=t1:int width=32 signed=True value=v31
term: ir42 Variable type=t1:int width=32 signed=True value=v24
term: ir43 Variable type=t0:bool width=0 signed=False value=v37
term: ir44 Variable type=t1:int width=32 signed=True value=v25
term: ir45 Variable type=t1:int width=32 signed=True value=v38
term: ir46 Variable type=t1:int width=32 signed=True value=v33
term: ir47 Variable type=t1:int width=32 signed=True value=v34
term: ir48 Variable type=t1:int width=32 signed=True value=v40
term: ir49 Variable type=t1:int width=32 signed=True value=v41
term: ir50 Binary type=t0:bool width=0 signed=False value=(v40 > v41)
term: ir51 Variable type=t0:bool width=0 signed=False value=v42
term: ir52 Variable type=t0:bool width=0 signed=False value=v36
term: ir53 Variable type=t1:int width=32 signed=True value=v43
term: ir54 Integer type=t1:int width=32 signed=True bits=256 value=256
term: ir55 Variable type=t1:int width=32 signed=True value=v44
term: ir56 Binary type=t1:int width=32 signed=True value=(v43 + v44)
term: ir57 Binary type=t0:bool width=0 signed=False value=(v43 >= 0)
term: ir58 Binary type=t0:bool width=0 signed=False value=(v44 >= 0)
term: ir59 Binary type=t0:bool width=0 signed=False value=((v43 >= 0) && (v44 >= 0))
term: ir60 Binary type=t0:bool width=0 signed=False value=((v43 + v44) < 0)
term: ir61 Binary type=t0:bool width=0 signed=False value=(((v43 >= 0) && (v44 >= 0)) && ((v43 + v44) < 0))
term: ir62 Binary type=t0:bool width=0 signed=False value=(v43 < 0)
term: ir63 Binary type=t0:bool width=0 signed=False value=(v44 < 0)
term: ir64 Binary type=t0:bool width=0 signed=False value=((v43 < 0) && (v44 < 0))
term: ir65 Binary type=t0:bool width=0 signed=False value=((v43 + v44) >= 0)
term: ir66 Binary type=t0:bool width=0 signed=False value=(((v43 < 0) && (v44 < 0)) && ((v43 + v44) >= 0))
term: ir67 Binary type=t0:bool width=0 signed=False value=((((v43 >= 0) && (v44 >= 0)) && ((v43 + v44) < 0)) || (((v43 < 0) && (v44 < 0)) && ((v43 + v44) >= 0)))
term: ir68 Variable type=t1:int width=32 signed=True value=v45
term: ir69 Binary type=t0:bool width=0 signed=False value=(v45 < 0)
term: ir70 Integer type=t1:int width=32 signed=True bits=255 value=255
term: ir71 Binary type=t0:bool width=0 signed=False value=(v45 > 255)
term: ir72 Cast type=t4:byte width=8 signed=False value=(("byte"#t4)v45)
term: ir73 Variable type=t4:byte width=8 signed=False value=v46
term: ir74 Cast type=t1:int width=32 signed=True value=(("int"#t1)v46)
term: ir75 Variable type=t1:int width=32 signed=True value=v47
term: ir76 Variable type=t0:bool width=0 signed=False value=v27
term: ir77 Variable type=t1:int width=32 signed=True value=v48
term: ir78 Binary type=t1:int width=32 signed=True value=(v48 + 1)
term: ir79 Variable type=t1:int width=32 signed=True value=v49
term: ir80 Variable type=t1:int width=32 signed=True value=v32
term: ir81 Binary type=t0:bool width=0 signed=False value=(v32 == 0)
term: ir82 Binary type=t0:bool width=0 signed=False value=(v32 == 1)
term: ir83 Binary type=t0:bool width=0 signed=False value=(v32 == 2)
term: ir84 Integer type=t1:int width=32 signed=True bits=7 value=7
term: ir85 Variable type=t1:int width=32 signed=True value=v50
term: ir86 Variable type=t1:int width=32 signed=True value=v51
term: ir87 Variable type=t1:int width=32 signed=True value=v52
term: ir88 Variable type=t1:int width=32 signed=True value=v53
term: ir89 Binary type=t1:int width=32 signed=True value=(v52 + v53)
term: ir90 Variable type=t1:int width=32 signed=True value=v54
term: ir91 Variable type=t1:int width=32 signed=True value=v7
term: ir92 Binary type=t0:bool width=0 signed=False value=(v7 == 0)
term: ir93 Binary type=t0:bool width=0 signed=False value=(v7 == 1)
term: ir94 Binary type=t0:bool width=0 signed=False value=(v7 == 2)
