M:Subject.Target(System.Boolean,System.Boolean,System.Boolean,System.Boolean,System.Boolean,System.Boolean,System.Boolean)~System.Int32 Proven/None/None core=[edge:101,edge:102,edge:107,edge:22,edge:24,edge:26,edge:28,edge:30,edge:35,edge:36,edge:41,edge:46,edge:47,edge:52,edge:57,edge:58,edge:63,edge:68,edge:69,edge:74,edge:79,edge:80,edge:85,edge:90,edge:91,edge:96,phi:109,phi:110,phi:43,phi:44,phi:54,phi:55,phi:65,phi:66,phi:76,phi:77,phi:87,phi:88,phi:98,phi:99,reach:103,reach:108,reach:23,reach:25,reach:27,reach:29,reach:31,reach:37,reach:42,reach:48,reach:53,reach:59,reach:64,reach:7,reach:70,reach:75,reach:81,reach:86,reach:92,reach:97,write:105,write:50,write:61,write:72,write:83,write:94] assumptions=[]
