alias: direct
exit: 2
worker-executed: False
worker-preserved: True
companion-preserved: True
alias: leaf
exit: 2
worker-executed: False
worker-preserved: True
companion-preserved: True
alias: worker-leaf
exit: 2
worker-executed: False
worker-preserved: True
companion-preserved: True
alias: executing
exit: 2
worker-executed: False
worker-preserved: True
companion-preserved: True
