run: normal
authority: native
request-bindings: True
cache: Written
postconditions: 11
enrolled: 11
checked: 11
unknown: 1
proven: 8
refuted: 2
row: M:Subject.AAdd(System.Int32)~System.Int32#0
  totalPresent: True
  enrolled: True
  checked: True
  outcome: Proven
  reason: None
  vacuity: None
  feasibility: Feasible
  conditional: False
row: M:Subject.BSubtract(System.UInt32)~System.UInt32#0
  totalPresent: True
  enrolled: True
  checked: True
  outcome: Proven
  reason: None
  vacuity: None
  feasibility: Feasible
  conditional: False
row: M:Subject.CMultiply(System.UInt64)~System.UInt64#0
  totalPresent: True
  enrolled: True
  checked: True
  outcome: Proven
  reason: None
  vacuity: None
  feasibility: Feasible
  conditional: False
row: M:Subject.DNegate(System.Int32)~System.Int32#0
  totalPresent: True
  enrolled: True
  checked: True
  outcome: Proven
  reason: None
  vacuity: None
  feasibility: Feasible
  conditional: False
row: M:Subject.ENarrow(System.Byte)~System.Byte#0
  totalPresent: True
  enrolled: True
  checked: True
  outcome: Proven
  reason: None
  vacuity: None
  feasibility: Feasible
  conditional: False
row: M:Subject.FUnsafeClause(System.Int32)~System.Int32#0
  totalPresent: True
  enrolled: True
  checked: True
  outcome: Unknown
  reason: PostconditionMayBeUndefined
  vacuity: None
  feasibility: Feasible
  conditional: False
row: M:Subject.GNoNormalReturn(System.Int64)~System.Int64#0
  totalPresent: True
  enrolled: True
  checked: True
  outcome: Proven
  reason: None
  vacuity: NoModeledNormalReturn
  feasibility: NoModeledNormalReturn
  conditional: False
row: M:Subject.HNormalReturn(System.Int32)~System.Int32#0
  totalPresent: True
  enrolled: True
  checked: True
  outcome: Proven
  reason: None
  vacuity: None
  feasibility: Feasible
  conditional: False
row: M:Subject.HNormalReturn(System.Int32)~System.Int32#1
  totalPresent: True
  enrolled: True
  checked: True
  outcome: Refuted
  reason: None
  vacuity: None
  feasibility: Feasible
  conditional: False
row: M:Subject.ICapturedCompound(System.Int32)~System.Int32#0
  totalPresent: True
  enrolled: True
  checked: True
  outcome: Proven
  reason: None
  vacuity: None
  feasibility: Feasible
  conditional: False
row: M:Subject.ICapturedCompound(System.Int32)~System.Int32#1
  totalPresent: True
  enrolled: True
  checked: True
  outcome: Refuted
  reason: None
  vacuity: None
  feasibility: Feasible
  conditional: False
run: cache-hit
authority: native
request-bindings: True
cache: Hit
postconditions: 11
enrolled: 11
checked: 11
unknown: 1
proven: 8
refuted: 2
row: M:Subject.AAdd(System.Int32)~System.Int32#0
  totalPresent: True
  enrolled: True
  checked: True
  outcome: Proven
  reason: None
  vacuity: None
  feasibility: Feasible
  conditional: False
row: M:Subject.BSubtract(System.UInt32)~System.UInt32#0
  totalPresent: True
  enrolled: True
  checked: True
  outcome: Proven
  reason: None
  vacuity: None
  feasibility: Feasible
  conditional: False
row: M:Subject.CMultiply(System.UInt64)~System.UInt64#0
  totalPresent: True
  enrolled: True
  checked: True
  outcome: Proven
  reason: None
  vacuity: None
  feasibility: Feasible
  conditional: False
row: M:Subject.DNegate(System.Int32)~System.Int32#0
  totalPresent: True
  enrolled: True
  checked: True
  outcome: Proven
  reason: None
  vacuity: None
  feasibility: Feasible
  conditional: False
row: M:Subject.ENarrow(System.Byte)~System.Byte#0
  totalPresent: True
  enrolled: True
  checked: True
  outcome: Proven
  reason: None
  vacuity: None
  feasibility: Feasible
  conditional: False
row: M:Subject.FUnsafeClause(System.Int32)~System.Int32#0
  totalPresent: True
  enrolled: True
  checked: True
  outcome: Unknown
  reason: PostconditionMayBeUndefined
  vacuity: None
  feasibility: Feasible
  conditional: False
row: M:Subject.GNoNormalReturn(System.Int64)~System.Int64#0
  totalPresent: True
  enrolled: True
  checked: True
  outcome: Proven
  reason: None
  vacuity: NoModeledNormalReturn
  feasibility: NoModeledNormalReturn
  conditional: False
row: M:Subject.HNormalReturn(System.Int32)~System.Int32#0
  totalPresent: True
  enrolled: True
  checked: True
  outcome: Proven
  reason: None
  vacuity: None
  feasibility: Feasible
  conditional: False
row: M:Subject.HNormalReturn(System.Int32)~System.Int32#1
  totalPresent: True
  enrolled: True
  checked: True
  outcome: Refuted
  reason: None
  vacuity: None
  feasibility: Feasible
  conditional: False
row: M:Subject.ICapturedCompound(System.Int32)~System.Int32#0
  totalPresent: True
  enrolled: True
  checked: True
  outcome: Proven
  reason: None
  vacuity: None
  feasibility: Feasible
  conditional: False
row: M:Subject.ICapturedCompound(System.Int32)~System.Int32#1
  totalPresent: True
  enrolled: True
  checked: True
  outcome: Refuted
  reason: None
  vacuity: None
  feasibility: Feasible
  conditional: False
