run: normal
authority: native
request-bindings: True
cache: Written
postconditions: 14
enrolled: 14
checked: 14
unknown: 0
proven: 9
refuted: 5
row: M:Subject.ASearchBeforeUnwind(System.Int32)~System.Int32#0
  totalPresent: True
  enrolled: True
  checked: True
  outcome: Proven
  reason: None
  vacuity: None
  feasibility: Feasible
  conditional: False
row: M:Subject.ASearchBeforeUnwind(System.Int32)~System.Int32#1
  totalPresent: True
  enrolled: True
  checked: True
  outcome: Refuted
  reason: None
  vacuity: None
  feasibility: Feasible
  conditional: False
row: M:Subject.BFilterFaultEffects(System.Int32)~System.Int32#0
  totalPresent: True
  enrolled: True
  checked: True
  outcome: Proven
  reason: None
  vacuity: None
  feasibility: Feasible
  conditional: False
row: M:Subject.BFilterFaultEffects(System.Int32)~System.Int32#1
  totalPresent: True
  enrolled: True
  checked: True
  outcome: Refuted
  reason: None
  vacuity: None
  feasibility: Feasible
  conditional: False
row: M:Subject.CNestedCapturedReturn(System.Int32)~System.Int32#0
  totalPresent: True
  enrolled: True
  checked: True
  outcome: Proven
  reason: None
  vacuity: None
  feasibility: Feasible
  conditional: False
row: M:Subject.CNestedCapturedReturn(System.Int32)~System.Int32#1
  totalPresent: True
  enrolled: True
  checked: True
  outcome: Refuted
  reason: None
  vacuity: None
  feasibility: Feasible
  conditional: False
row: M:Subject.DFinallyReplacesSelectedHandler(System.Int32)~System.Int32#0
  totalPresent: True
  enrolled: True
  checked: True
  outcome: Proven
  reason: None
  vacuity: None
  feasibility: Feasible
  conditional: False
row: M:Subject.DFinallyReplacesSelectedHandler(System.Int32)~System.Int32#1
  totalPresent: True
  enrolled: True
  checked: True
  outcome: Refuted
  reason: None
  vacuity: None
  feasibility: Feasible
  conditional: False
row: M:Subject.ESiblingFinally(System.Int32)~System.Int32#0
  totalPresent: True
  enrolled: True
  checked: True
  outcome: Proven
  reason: None
  vacuity: None
  feasibility: Feasible
  conditional: False
row: M:Subject.FAssumeBeforeFilter(System.Int32)~System.Int32#0
  totalPresent: True
  enrolled: True
  checked: True
  outcome: Proven
  reason: None
  vacuity: None
  feasibility: Feasible
  conditional: True
row: M:Subject.GExplicitFilterThrow(System.Int32)~System.Int32#0
  totalPresent: True
  enrolled: True
  checked: True
  outcome: Proven
  reason: None
  vacuity: None
  feasibility: Feasible
  conditional: False
row: M:Subject.HHandlerBeforeOuterFinally(System.Int32)~System.Int32#0
  totalPresent: True
  enrolled: True
  checked: True
  outcome: Proven
  reason: None
  vacuity: None
  feasibility: Feasible
  conditional: False
row: M:Subject.IRepeatedFilterClosed(System.Int32)~System.Int32#0
  totalPresent: True
  enrolled: True
  checked: True
  outcome: Refuted
  reason: None
  vacuity: None
  feasibility: Feasible
  conditional: False
row: M:Subject.JFaultingFilterAllThrow(System.Int32)~System.Int32#0
  totalPresent: True
  enrolled: True
  checked: True
  outcome: Proven
  reason: None
  vacuity: NoModeledNormalReturn
  feasibility: NoModeledNormalReturn
  conditional: False
run: cache-hit
authority: native
request-bindings: True
cache: Hit
postconditions: 14
enrolled: 14
checked: 14
unknown: 0
proven: 9
refuted: 5
row: M:Subject.ASearchBeforeUnwind(System.Int32)~System.Int32#0
  totalPresent: True
  enrolled: True
  checked: True
  outcome: Proven
  reason: None
  vacuity: None
  feasibility: Feasible
  conditional: False
row: M:Subject.ASearchBeforeUnwind(System.Int32)~System.Int32#1
  totalPresent: True
  enrolled: True
  checked: True
  outcome: Refuted
  reason: None
  vacuity: None
  feasibility: Feasible
  conditional: False
row: M:Subject.BFilterFaultEffects(System.Int32)~System.Int32#0
  totalPresent: True
  enrolled: True
  checked: True
  outcome: Proven
  reason: None
  vacuity: None
  feasibility: Feasible
  conditional: False
row: M:Subject.BFilterFaultEffects(System.Int32)~System.Int32#1
  totalPresent: True
  enrolled: True
  checked: True
  outcome: Refuted
  reason: None
  vacuity: None
  feasibility: Feasible
  conditional: False
row: M:Subject.CNestedCapturedReturn(System.Int32)~System.Int32#0
  totalPresent: True
  enrolled: True
  checked: True
  outcome: Proven
  reason: None
  vacuity: None
  feasibility: Feasible
  conditional: False
row: M:Subject.CNestedCapturedReturn(System.Int32)~System.Int32#1
  totalPresent: True
  enrolled: True
  checked: True
  outcome: Refuted
  reason: None
  vacuity: None
  feasibility: Feasible
  conditional: False
row: M:Subject.DFinallyReplacesSelectedHandler(System.Int32)~System.Int32#0
  totalPresent: True
  enrolled: True
  checked: True
  outcome: Proven
  reason: None
  vacuity: None
  feasibility: Feasible
  conditional: False
row: M:Subject.DFinallyReplacesSelectedHandler(System.Int32)~System.Int32#1
  totalPresent: True
  enrolled: True
  checked: True
  outcome: Refuted
  reason: None
  vacuity: None
  feasibility: Feasible
  conditional: False
row: M:Subject.ESiblingFinally(System.Int32)~System.Int32#0
  totalPresent: True
  enrolled: True
  checked: True
  outcome: Proven
  reason: None
  vacuity: None
  feasibility: Feasible
  conditional: False
row: M:Subject.FAssumeBeforeFilter(System.Int32)~System.Int32#0
  totalPresent: True
  enrolled: True
  checked: True
  outcome: Proven
  reason: None
  vacuity: None
  feasibility: Feasible
  conditional: True
row: M:Subject.GExplicitFilterThrow(System.Int32)~System.Int32#0
  totalPresent: True
  enrolled: True
  checked: True
  outcome: Proven
  reason: None
  vacuity: None
  feasibility: Feasible
  conditional: False
row: M:Subject.HHandlerBeforeOuterFinally(System.Int32)~System.Int32#0
  totalPresent: True
  enrolled: True
  checked: True
  outcome: Proven
  reason: None
  vacuity: None
  feasibility: Feasible
  conditional: False
row: M:Subject.IRepeatedFilterClosed(System.Int32)~System.Int32#0
  totalPresent: True
  enrolled: True
  checked: True
  outcome: Refuted
  reason: None
  vacuity: None
  feasibility: Feasible
  conditional: False
row: M:Subject.JFaultingFilterAllThrow(System.Int32)~System.Int32#0
  totalPresent: True
  enrolled: True
  checked: True
  outcome: Proven
  reason: None
  vacuity: NoModeledNormalReturn
  feasibility: NoModeledNormalReturn
  conditional: False
