run: normal
authority: native
request-bindings: True
cache: Written
postconditions: 9
enrolled: 9
checked: 9
unknown: 0
proven: 6
refuted: 3
row: M:Subject.ACapturedReturn(System.Int32)~System.Int32#0
  totalPresent: True
  enrolled: True
  checked: True
  outcome: Proven
  reason: None
  vacuity: None
  feasibility: Feasible
  conditional: False
row: M:Subject.ACapturedReturn(System.Int32)~System.Int32#1
  totalPresent: True
  enrolled: True
  checked: True
  outcome: Refuted
  reason: None
  vacuity: None
  feasibility: Feasible
  conditional: False
row: M:Subject.BMixedFinally(System.Int32)~System.Int32#0
  totalPresent: True
  enrolled: True
  checked: True
  outcome: Proven
  reason: None
  vacuity: None
  feasibility: Feasible
  conditional: False
row: M:Subject.CNestedRethrow(System.Int32)~System.Int32#0
  totalPresent: True
  enrolled: True
  checked: True
  outcome: Proven
  reason: None
  vacuity: None
  feasibility: Feasible
  conditional: False
row: M:Subject.CNestedRethrow(System.Int32)~System.Int32#1
  totalPresent: True
  enrolled: True
  checked: True
  outcome: Refuted
  reason: None
  vacuity: None
  feasibility: Feasible
  conditional: False
row: M:Subject.DAssumeRegion(System.Int32)~System.Int32#0
  totalPresent: True
  enrolled: True
  checked: True
  outcome: Proven
  reason: None
  vacuity: None
  feasibility: Feasible
  conditional: True
row: M:Subject.EAllThrow(System.Int32)~System.Int32#0
  totalPresent: True
  enrolled: True
  checked: True
  outcome: Proven
  reason: None
  vacuity: NoModeledNormalReturn
  feasibility: NoModeledNormalReturn
  conditional: False
row: M:Subject.FCatchAll(System.Int32)~System.Int32#0
  totalPresent: True
  enrolled: True
  checked: True
  outcome: Proven
  reason: None
  vacuity: None
  feasibility: Feasible
  conditional: False
row: M:Subject.GNestedFinallyClosed(System.Int32)~System.Int32#0
  totalPresent: True
  enrolled: True
  checked: True
  outcome: Refuted
  reason: None
  vacuity: None
  feasibility: Feasible
  conditional: False
run: cache-hit
authority: native
request-bindings: True
cache: Hit
postconditions: 9
enrolled: 9
checked: 9
unknown: 0
proven: 6
refuted: 3
row: M:Subject.ACapturedReturn(System.Int32)~System.Int32#0
  totalPresent: True
  enrolled: True
  checked: True
  outcome: Proven
  reason: None
  vacuity: None
  feasibility: Feasible
  conditional: False
row: M:Subject.ACapturedReturn(System.Int32)~System.Int32#1
  totalPresent: True
  enrolled: True
  checked: True
  outcome: Refuted
  reason: None
  vacuity: None
  feasibility: Feasible
  conditional: False
row: M:Subject.BMixedFinally(System.Int32)~System.Int32#0
  totalPresent: True
  enrolled: True
  checked: True
  outcome: Proven
  reason: None
  vacuity: None
  feasibility: Feasible
  conditional: False
row: M:Subject.CNestedRethrow(System.Int32)~System.Int32#0
  totalPresent: True
  enrolled: True
  checked: True
  outcome: Proven
  reason: None
  vacuity: None
  feasibility: Feasible
  conditional: False
row: M:Subject.CNestedRethrow(System.Int32)~System.Int32#1
  totalPresent: True
  enrolled: True
  checked: True
  outcome: Refuted
  reason: None
  vacuity: None
  feasibility: Feasible
  conditional: False
row: M:Subject.DAssumeRegion(System.Int32)~System.Int32#0
  totalPresent: True
  enrolled: True
  checked: True
  outcome: Proven
  reason: None
  vacuity: None
  feasibility: Feasible
  conditional: True
row: M:Subject.EAllThrow(System.Int32)~System.Int32#0
  totalPresent: True
  enrolled: True
  checked: True
  outcome: Proven
  reason: None
  vacuity: NoModeledNormalReturn
  feasibility: NoModeledNormalReturn
  conditional: False
row: M:Subject.FCatchAll(System.Int32)~System.Int32#0
  totalPresent: True
  enrolled: True
  checked: True
  outcome: Proven
  reason: None
  vacuity: None
  feasibility: Feasible
  conditional: False
row: M:Subject.GNestedFinallyClosed(System.Int32)~System.Int32#0
  totalPresent: True
  enrolled: True
  checked: True
  outcome: Refuted
  reason: None
  vacuity: None
  feasibility: Feasible
  conditional: False
