run: normal
authority: native
request-bindings: True
cache: Written
postconditions: 1
enrolled: 1
checked: 1
unknown: 0
proven: 1
refuted: 0
row: M:Subject.Target~System.Int32#0
  totalPresent: True
  enrolled: True
  checked: True
  outcome: Proven
  reason: None
  vacuity: NoModeledNormalReturn
  feasibility: NoModeledNormalReturn
  conditional: False
run: cache-hit
authority: native
request-bindings: True
cache: Hit
postconditions: 1
enrolled: 1
checked: 1
unknown: 0
proven: 1
refuted: 0
row: M:Subject.Target~System.Int32#0
  totalPresent: True
  enrolled: True
  checked: True
  outcome: Proven
  reason: None
  vacuity: NoModeledNormalReturn
  feasibility: NoModeledNormalReturn
  conditional: False
