run: normal
authority: legacy
request-bindings: True
cache: Written
postconditions: 8
enrolled: 8
checked: 8
unchecked: 0
unenrolled: 0
unknown: 0
oldProven: 0
newProven: 4
oldVacuous: 0
newVacuous: 0
oldConditional: 0
newConditional: 0
soundnessDisagreements: 0
precisionGains: 8
precisionLosses: 0
coverageComplete: True
row: M:Subject.ANormalNestedBody(System.Int32)~System.Int32#1
  oldOutcome: Unknown
  oldVacuity: None
  totalPresent: True
  enrolled: True
  checked: True
  newOutcome: Refuted
  newReason: None
  newVacuity: None
  feasibility: Feasible
  oldConditional: False
  newConditional: False
row: M:Subject.ANormalNestedBody(System.Int32)~System.Int32#0
  oldOutcome: Unknown
  oldVacuity: None
  totalPresent: True
  enrolled: True
  checked: True
  newOutcome: Proven
  newReason: None
  newVacuity: None
  feasibility: Feasible
  oldConditional: False
  newConditional: False
row: M:Subject.BCaughtNestedBody(System.Int32)~System.Int32#0
  oldOutcome: Unknown
  oldVacuity: None
  totalPresent: True
  enrolled: True
  checked: True
  newOutcome: Proven
  newReason: None
  newVacuity: None
  feasibility: Feasible
  oldConditional: False
  newConditional: False
row: M:Subject.BCaughtNestedBody(System.Int32)~System.Int32#1
  oldOutcome: Unknown
  oldVacuity: None
  totalPresent: True
  enrolled: True
  checked: True
  newOutcome: Refuted
  newReason: None
  newVacuity: None
  feasibility: Feasible
  oldConditional: False
  newConditional: False
row: M:Subject.CFilteredNestedBody(System.Int32)~System.Int32#1
  oldOutcome: Unknown
  oldVacuity: None
  totalPresent: True
  enrolled: True
  checked: True
  newOutcome: Refuted
  newReason: None
  newVacuity: None
  feasibility: Feasible
  oldConditional: False
  newConditional: False
row: M:Subject.CFilteredNestedBody(System.Int32)~System.Int32#0
  oldOutcome: Unknown
  oldVacuity: None
  totalPresent: True
  enrolled: True
  checked: True
  newOutcome: Proven
  newReason: None
  newVacuity: None
  feasibility: Feasible
  oldConditional: False
  newConditional: False
row: M:Subject.DNonReturnOuterEntry(System.Int32)~System.Int32#1
  oldOutcome: Unknown
  oldVacuity: None
  totalPresent: True
  enrolled: True
  checked: True
  newOutcome: Refuted
  newReason: None
  newVacuity: None
  feasibility: Feasible
  oldConditional: False
  newConditional: False
row: M:Subject.DNonReturnOuterEntry(System.Int32)~System.Int32#0
  oldOutcome: Unknown
  oldVacuity: None
  totalPresent: True
  enrolled: True
  checked: True
  newOutcome: Proven
  newReason: None
  newVacuity: None
  feasibility: Feasible
  oldConditional: False
  newConditional: False
run: cache-hit
authority: legacy
request-bindings: True
cache: Hit
postconditions: 8
enrolled: 8
checked: 8
unchecked: 0
unenrolled: 0
unknown: 0
oldProven: 0
newProven: 4
oldVacuous: 0
newVacuous: 0
oldConditional: 0
newConditional: 0
soundnessDisagreements: 0
precisionGains: 8
precisionLosses: 0
coverageComplete: True
row: M:Subject.ANormalNestedBody(System.Int32)~System.Int32#1
  oldOutcome: Unknown
  oldVacuity: None
  totalPresent: True
  enrolled: True
  checked: True
  newOutcome: Refuted
  newReason: None
  newVacuity: None
  feasibility: Feasible
  oldConditional: False
  newConditional: False
row: M:Subject.ANormalNestedBody(System.Int32)~System.Int32#0
  oldOutcome: Unknown
  oldVacuity: None
  totalPresent: True
  enrolled: True
  checked: True
  newOutcome: Proven
  newReason: None
  newVacuity: None
  feasibility: Feasible
  oldConditional: False
  newConditional: False
row: M:Subject.BCaughtNestedBody(System.Int32)~System.Int32#0
  oldOutcome: Unknown
  oldVacuity: None
  totalPresent: True
  enrolled: True
  checked: True
  newOutcome: Proven
  newReason: None
  newVacuity: None
  feasibility: Feasible
  oldConditional: False
  newConditional: False
row: M:Subject.BCaughtNestedBody(System.Int32)~System.Int32#1
  oldOutcome: Unknown
  oldVacuity: None
  totalPresent: True
  enrolled: True
  checked: True
  newOutcome: Refuted
  newReason: None
  newVacuity: None
  feasibility: Feasible
  oldConditional: False
  newConditional: False
row: M:Subject.CFilteredNestedBody(System.Int32)~System.Int32#1
  oldOutcome: Unknown
  oldVacuity: None
  totalPresent: True
  enrolled: True
  checked: True
  newOutcome: Refuted
  newReason: None
  newVacuity: None
  feasibility: Feasible
  oldConditional: False
  newConditional: False
row: M:Subject.CFilteredNestedBody(System.Int32)~System.Int32#0
  oldOutcome: Unknown
  oldVacuity: None
  totalPresent: True
  enrolled: True
  checked: True
  newOutcome: Proven
  newReason: None
  newVacuity: None
  feasibility: Feasible
  oldConditional: False
  newConditional: False
row: M:Subject.DNonReturnOuterEntry(System.Int32)~System.Int32#1
  oldOutcome: Unknown
  oldVacuity: None
  totalPresent: True
  enrolled: True
  checked: True
  newOutcome: Refuted
  newReason: None
  newVacuity: None
  feasibility: Feasible
  oldConditional: False
  newConditional: False
row: M:Subject.DNonReturnOuterEntry(System.Int32)~System.Int32#0
  oldOutcome: Unknown
  oldVacuity: None
  totalPresent: True
  enrolled: True
  checked: True
  newOutcome: Proven
  newReason: None
  newVacuity: None
  feasibility: Feasible
  oldConditional: False
  newConditional: False
