run: normal
authority: native
request-bindings: True
cache: Written
postconditions: 1
enrolled: 1
checked: 1
unknown: 1
proven: 0
refuted: 0
row: M:Subject.BContractLock#0
  totalPresent: True
  enrolled: True
  checked: True
  outcome: Unknown
  reason: CounterexampleNotReplayable
  vacuity: None
  feasibility: Unknown
  conditional: False
run: cache-hit
authority: native
request-bindings: True
cache: Hit
postconditions: 1
enrolled: 1
checked: 1
unknown: 1
proven: 0
refuted: 0
row: M:Subject.BContractLock#0
  totalPresent: True
  enrolled: True
  checked: True
  outcome: Unknown
  reason: CounterexampleNotReplayable
  vacuity: None
  feasibility: Unknown
  conditional: False
