diagnostics 0
owner ClassControl() target Need clause 0 Proven
owner ClassControl(None:ClassControl) target Need clause 0 Proven
owner ExplicitRecord() target Need clause 0 Proven
owner InRecord() target Need clause 0 Proven
owner InRecord(In:InRecord) target Need clause 0 Proven
owner RefRecord() target Need clause 0 Proven
owner RefRecord(Ref:RefRecord) target Need clause 0 Proven
owner StructControl() target Need clause 0 Proven
owner StructControl(None:StructControl) target Need clause 0 Proven
owner SynthRecord() target Need clause 0 Proven
